Archive member included to satisfy reference by file (symbol)

c:/nxp/s32ds.3.5/s32ds/build_tools/gcc_b1620/gcc-6.3-arm32-eabi/bin/../lib/gcc/arm-none-eabi/6.3.1/thumb/v7e-m/fpv4-sp/hard\libgcc.a(_aeabi_uldivmod.o)
                              ./SDK/platform/drivers/src/lptmr/lptmr_driver.o (__aeabi_uldivmod)
c:/nxp/s32ds.3.5/s32ds/build_tools/gcc_b1620/gcc-6.3-arm32-eabi/bin/../lib/gcc/arm-none-eabi/6.3.1/thumb/v7e-m/fpv4-sp/hard\libgcc.a(_udivmoddi4.o)
                              c:/nxp/s32ds.3.5/s32ds/build_tools/gcc_b1620/gcc-6.3-arm32-eabi/bin/../lib/gcc/arm-none-eabi/6.3.1/thumb/v7e-m/fpv4-sp/hard\libgcc.a(_aeabi_uldivmod.o) (__udivmoddi4)
c:/nxp/s32ds.3.5/s32ds/build_tools/gcc_b1620/gcc-6.3-arm32-eabi/bin/../lib/gcc/arm-none-eabi/6.3.1/thumb/v7e-m/fpv4-sp/hard\libgcc.a(_dvmd_tls.o)
                              c:/nxp/s32ds.3.5/s32ds/build_tools/gcc_b1620/gcc-6.3-arm32-eabi/bin/../lib/gcc/arm-none-eabi/6.3.1/thumb/v7e-m/fpv4-sp/hard\libgcc.a(_aeabi_uldivmod.o) (__aeabi_ldiv0)
C:/NXP/S32DS.3.5/S32DS/build_tools/gcc_b1620/gcc-6.3-arm32-eabi/arm-none-eabi/newlib/lib/thumb/v7e-m/fpv4-sp/hard\libc_nano.a(lib_a-exit.o)
                              C:/NXP/S32DS.3.5/S32DS/build_tools/gcc_b1620/gcc-6.3-arm32-eabi/arm-none-eabi/newlib/lib/thumb/v7e-m/fpv4-sp/hard/crt0.o (exit)
C:/NXP/S32DS.3.5/S32DS/build_tools/gcc_b1620/gcc-6.3-arm32-eabi/arm-none-eabi/newlib/lib/thumb/v7e-m/fpv4-sp/hard\libc_nano.a(lib_a-impure.o)
                              C:/NXP/S32DS.3.5/S32DS/build_tools/gcc_b1620/gcc-6.3-arm32-eabi/arm-none-eabi/newlib/lib/thumb/v7e-m/fpv4-sp/hard\libc_nano.a(lib_a-exit.o) (_global_impure_ptr)
C:/NXP/S32DS.3.5/S32DS/build_tools/gcc_b1620/gcc-6.3-arm32-eabi/arm-none-eabi/newlib/lib/thumb/v7e-m/fpv4-sp/hard\libc_nano.a(lib_a-init.o)
                              C:/NXP/S32DS.3.5/S32DS/build_tools/gcc_b1620/gcc-6.3-arm32-eabi/arm-none-eabi/newlib/lib/thumb/v7e-m/fpv4-sp/hard/crt0.o (__libc_init_array)
C:/NXP/S32DS.3.5/S32DS/build_tools/gcc_b1620/gcc-6.3-arm32-eabi/arm-none-eabi/newlib/lib/thumb/v7e-m/fpv4-sp/hard\libc_nano.a(lib_a-memset.o)
                              C:/NXP/S32DS.3.5/S32DS/build_tools/gcc_b1620/gcc-6.3-arm32-eabi/arm-none-eabi/newlib/lib/thumb/v7e-m/fpv4-sp/hard/crt0.o (memset)
C:/NXP/S32DS.3.5/S32DS/build_tools/gcc_b1620/gcc-6.3-arm32-eabi/arm-none-eabi/newlib/lib/thumb/v7e-m/fpv4-sp/hard\libnosys.a(_exit.o)
                              C:/NXP/S32DS.3.5/S32DS/build_tools/gcc_b1620/gcc-6.3-arm32-eabi/arm-none-eabi/newlib/lib/thumb/v7e-m/fpv4-sp/hard\libc_nano.a(lib_a-exit.o) (_exit)

Discarded input sections

 .text          0x00000000        0x0 c:/nxp/s32ds.3.5/s32ds/build_tools/gcc_b1620/gcc-6.3-arm32-eabi/bin/../lib/gcc/arm-none-eabi/6.3.1/thumb/v7e-m/fpv4-sp/hard/crti.o
 .data          0x00000000        0x0 c:/nxp/s32ds.3.5/s32ds/build_tools/gcc_b1620/gcc-6.3-arm32-eabi/bin/../lib/gcc/arm-none-eabi/6.3.1/thumb/v7e-m/fpv4-sp/hard/crti.o
 .bss           0x00000000        0x0 c:/nxp/s32ds.3.5/s32ds/build_tools/gcc_b1620/gcc-6.3-arm32-eabi/bin/../lib/gcc/arm-none-eabi/6.3.1/thumb/v7e-m/fpv4-sp/hard/crti.o
 .text          0x00000000       0xa4 c:/nxp/s32ds.3.5/s32ds/build_tools/gcc_b1620/gcc-6.3-arm32-eabi/bin/../lib/gcc/arm-none-eabi/6.3.1/thumb/v7e-m/fpv4-sp/hard/crtbegin.o
 .data          0x00000000        0x4 c:/nxp/s32ds.3.5/s32ds/build_tools/gcc_b1620/gcc-6.3-arm32-eabi/bin/../lib/gcc/arm-none-eabi/6.3.1/thumb/v7e-m/fpv4-sp/hard/crtbegin.o
 .bss           0x00000000       0x1c c:/nxp/s32ds.3.5/s32ds/build_tools/gcc_b1620/gcc-6.3-arm32-eabi/bin/../lib/gcc/arm-none-eabi/6.3.1/thumb/v7e-m/fpv4-sp/hard/crtbegin.o
 .init_array    0x00000000        0x4 c:/nxp/s32ds.3.5/s32ds/build_tools/gcc_b1620/gcc-6.3-arm32-eabi/bin/../lib/gcc/arm-none-eabi/6.3.1/thumb/v7e-m/fpv4-sp/hard/crtbegin.o
 .fini_array    0x00000000        0x4 c:/nxp/s32ds.3.5/s32ds/build_tools/gcc_b1620/gcc-6.3-arm32-eabi/bin/../lib/gcc/arm-none-eabi/6.3.1/thumb/v7e-m/fpv4-sp/hard/crtbegin.o
 .eh_frame      0x00000000        0x0 c:/nxp/s32ds.3.5/s32ds/build_tools/gcc_b1620/gcc-6.3-arm32-eabi/bin/../lib/gcc/arm-none-eabi/6.3.1/thumb/v7e-m/fpv4-sp/hard/crtbegin.o
 .jcr           0x00000000        0x0 c:/nxp/s32ds.3.5/s32ds/build_tools/gcc_b1620/gcc-6.3-arm32-eabi/bin/../lib/gcc/arm-none-eabi/6.3.1/thumb/v7e-m/fpv4-sp/hard/crtbegin.o
 .tm_clone_table
                0x00000000        0x0 c:/nxp/s32ds.3.5/s32ds/build_tools/gcc_b1620/gcc-6.3-arm32-eabi/bin/../lib/gcc/arm-none-eabi/6.3.1/thumb/v7e-m/fpv4-sp/hard/crtbegin.o
 .comment       0x00000000       0x7f c:/nxp/s32ds.3.5/s32ds/build_tools/gcc_b1620/gcc-6.3-arm32-eabi/bin/../lib/gcc/arm-none-eabi/6.3.1/thumb/v7e-m/fpv4-sp/hard/crtbegin.o
 .ARM.attributes
                0x00000000       0x34 c:/nxp/s32ds.3.5/s32ds/build_tools/gcc_b1620/gcc-6.3-arm32-eabi/bin/../lib/gcc/arm-none-eabi/6.3.1/thumb/v7e-m/fpv4-sp/hard/crtbegin.o
[...]
Memory Configuration

Name             Origin             Length             Attributes
m_interrupts     0x00000000         0x00000400         xr
m_flash_config   0x00000400         0x00000010         xr
m_text           0x00000410         0x0007fbf0         xr
m_data           0x1fff8000         0x00008000         rw
m_data_2         0x20000000         0x00007000         rw
*default*        0x00000000         0xffffffff

Linker script and memory map

LOAD c:/nxp/s32ds.3.5/s32ds/build_tools/gcc_b1620/gcc-6.3-arm32-eabi/bin/../lib/gcc/arm-none-eabi/6.3.1/thumb/v7e-m/fpv4-sp/hard/crti.o
LOAD c:/nxp/s32ds.3.5/s32ds/build_tools/gcc_b1620/gcc-6.3-arm32-eabi/bin/../lib/gcc/arm-none-eabi/6.3.1/thumb/v7e-m/fpv4-sp/hard/crtbegin.o
LOAD C:/NXP/S32DS.3.5/S32DS/build_tools/gcc_b1620/gcc-6.3-arm32-eabi/arm-none-eabi/newlib/lib/thumb/v7e-m/fpv4-sp/hard/crt0.o
LOAD ./Project_Settings/Startup_Code/startup_S32K144.o
LOAD ./SDK/middleware/lin/coreapi/lin_common_api.o
LOAD ./SDK/middleware/lin/coreapi/lin_common_proto.o
LOAD ./SDK/middleware/lin/coreapi/lin_j2602_proto.o
LOAD ./SDK/middleware/lin/coreapi/lin_lin21_proto.o
LOAD ./SDK/middleware/lin/diagnostic/lin_diagnostic_service.o
LOAD ./SDK/middleware/lin/lowlevel/lin.o
LOAD ./SDK/middleware/lin/transport/lin_commontl_api.o
LOAD ./SDK/middleware/lin/transport/lin_commontl_proto.o
LOAD ./SDK/platform/devices/S32K144/startup/system_S32K144.o
LOAD ./SDK/platform/devices/startup.o
LOAD ./SDK/platform/drivers/src/clock/S32K1xx/clock_S32K1xx.o
LOAD ./SDK/platform/drivers/src/edma/edma_driver.o
LOAD ./SDK/platform/drivers/src/edma/edma_hw_access.o
LOAD ./SDK/platform/drivers/src/edma/edma_irq.o
LOAD ./SDK/platform/drivers/src/interrupt/interrupt_manager.o
LOAD ./SDK/platform/drivers/src/lin/lin_common.o
LOAD ./SDK/platform/drivers/src/lin/lin_driver.o
LOAD ./SDK/platform/drivers/src/lin/lin_irq.o
LOAD ./SDK/platform/drivers/src/lptmr/lptmr_driver.o
LOAD ./SDK/platform/drivers/src/lptmr/lptmr_hw_access.o
LOAD ./SDK/platform/drivers/src/lpuart/lin_lpuart_driver.o
LOAD ./SDK/platform/drivers/src/lpuart/lpuart_driver.o
LOAD ./SDK/platform/drivers/src/lpuart/lpuart_hw_access.o
LOAD ./SDK/platform/drivers/src/lpuart/lpuart_irq.o
LOAD ./SDK/platform/drivers/src/pins/pins_driver.o
LOAD ./SDK/platform/drivers/src/pins/pins_port_hw_access.o
LOAD ./SDK/rtos/osif/osif_baremetal.o
LOAD ./board/clock_config.o
LOAD ./board/lin_cfg.o
LOAD ./board/peripherals_LPTMR_0.o
LOAD ./board/peripherals_LPUART_2.o
LOAD ./board/peripherals_linstack_config.o
LOAD ./board/pin_mux.o
LOAD ./src/Application.o
LOAD ./src/main.o
START GROUP
LOAD c:/nxp/s32ds.3.5/s32ds/build_tools/gcc_b1620/gcc-6.3-arm32-eabi/bin/../lib/gcc/arm-none-eabi/6.3.1/thumb/v7e-m/fpv4-sp/hard\libgcc.a
LOAD C:/NXP/S32DS.3.5/S32DS/build_tools/gcc_b1620/gcc-6.3-arm32-eabi/arm-none-eabi/newlib/lib/thumb/v7e-m/fpv4-sp/hard\libc_nano.a
END GROUP
START GROUP
LOAD c:/nxp/s32ds.3.5/s32ds/build_tools/gcc_b1620/gcc-6.3-arm32-eabi/bin/../lib/gcc/arm-none-eabi/6.3.1/thumb/v7e-m/fpv4-sp/hard\libgcc.a
LOAD C:/NXP/S32DS.3.5/S32DS/build_tools/gcc_b1620/gcc-6.3-arm32-eabi/arm-none-eabi/newlib/lib/thumb/v7e-m/fpv4-sp/hard\libc_nano.a
LOAD C:/NXP/S32DS.3.5/S32DS/build_tools/gcc_b1620/gcc-6.3-arm32-eabi/arm-none-eabi/newlib/lib/thumb/v7e-m/fpv4-sp/hard\libnosys.a
END GROUP
START GROUP
LOAD c:/nxp/s32ds.3.5/s32ds/build_tools/gcc_b1620/gcc-6.3-arm32-eabi/bin/../lib/gcc/arm-none-eabi/6.3.1/thumb/v7e-m/fpv4-sp/hard\libgcc.a
LOAD C:/NXP/S32DS.3.5/S32DS/build_tools/gcc_b1620/gcc-6.3-arm32-eabi/arm-none-eabi/newlib/lib/thumb/v7e-m/fpv4-sp/hard\libc_nano.a
LOAD C:/NXP/S32DS.3.5/S32DS/build_tools/gcc_b1620/gcc-6.3-arm32-eabi/arm-none-eabi/newlib/lib/thumb/v7e-m/fpv4-sp/hard\libnosys.a
END GROUP
LOAD c:/nxp/s32ds.3.5/s32ds/build_tools/gcc_b1620/gcc-6.3-arm32-eabi/bin/../lib/gcc/arm-none-eabi/6.3.1/thumb/v7e-m/fpv4-sp/hard/crtend.o
LOAD c:/nxp/s32ds.3.5/s32ds/build_tools/gcc_b1620/gcc-6.3-arm32-eabi/bin/../lib/gcc/arm-none-eabi/6.3.1/thumb/v7e-m/fpv4-sp/hard/crtn.o
                0x00000400                HEAP_SIZE = DEFINED (__heap_size__)?__heap_size__:0x400
                0x00000400                STACK_SIZE = DEFINED (__stack_size__)?__stack_size__:0x400
                0x00000400                M_VECTOR_RAM_SIZE = DEFINED (__flash_vector_table__)?0x0:0x400

.interrupts     0x00000000      0x400
                0x00000000                __VECTOR_TABLE = .
                0x00000000                __interrupts_start__ = .
                0x00000000                . = ALIGN (0x4)
 *(.isr_vector)
 .isr_vector    0x00000000      0x400 ./Project_Settings/Startup_Code/startup_S32K144.o
                0x00000000                __isr_vector
                0x00000400                __interrupts_end__ = .
                0x00000400                . = ALIGN (0x4)

.flash_config   0x00000400       0x10
                0x00000400                . = ALIGN (0x4)
 *(.FlashConfig)
 .FlashConfig   0x00000400       0x10 ./Project_Settings/Startup_Code/startup_S32K144.o
                0x00000410                . = ALIGN (0x4)

.text           0x00000410     0x55e8
                0x00000410                . = ALIGN (0x4)
 *(.text)
 .text          0x00000410       0x6c ./Project_Settings/Startup_Code/startup_S32K144.o
                0x00000410                Reset_Handler
                0x00000478                DebugMon_Handler
                0x00000478                Reserved88_IRQHandler
                0x00000478                CAN0_ORed_IRQHandler
                0x00000478                HardFault_Handler
                0x00000478                Reserved86_IRQHandler
                0x00000478                Reserved103_IRQHandler
                0x00000478                FTM2_Ovf_Reload_IRQHandler
                0x00000478                Reserved50_IRQHandler
                0x00000478                FTFC_Fault_IRQHandler
                0x00000478                FTM0_Ch6_Ch7_IRQHandler
                0x00000478                Reserved114_IRQHandler
                0x00000478                PendSV_Handler
                0x00000478                NMI_Handler
                0x00000478                Reserved89_IRQHandler
                0x00000478                ERM_double_fault_IRQHandler
                0x00000478                Reserved59_IRQHandler
                0x00000478                LPIT0_Ch0_IRQHandler
                0x00000478                Reserved99_IRQHandler
                0x00000478                FTM3_Ch6_Ch7_IRQHandler
                0x00000478                CAN2_ORed_0_15_MB_IRQHandler
                0x00000478                LPIT0_Ch3_IRQHandler
                0x00000478                Reserved92_IRQHandler
                0x00000478                FTM0_Ch4_Ch5_IRQHandler
                0x00000478                CAN1_Error_IRQHandler
                0x00000478                FTM3_Ch0_Ch1_IRQHandler
                0x00000478                SWI_IRQHandler
                0x00000478                ADC0_IRQHandler
                0x00000478                FTM2_Ch4_Ch5_IRQHandler
                0x00000478                UsageFault_Handler
                0x00000478                FTM0_Ovf_Reload_IRQHandler
                0x00000478                DefaultISR
                0x00000478                Reserved58_IRQHandler
                0x00000478                CAN1_ORed_0_15_MB_IRQHandler
                0x00000478                FTM1_Ch2_Ch3_IRQHandler
                0x00000478                Reserved82_IRQHandler
                0x00000478                CAN0_ORed_16_31_MB_IRQHandler
                0x00000478                LPI2C0_Slave_IRQHandler
                0x00000478                Reserved71_IRQHandler
                0x00000478                PORTD_IRQHandler
                0x00000478                Reserved69_IRQHandler
                0x00000478                PORTB_IRQHandler
                0x00000478                Reserved70_IRQHandler
                0x00000478                ADC1_IRQHandler
                0x00000478                FTM2_Ch2_Ch3_IRQHandler
                0x00000478                Reserved53_IRQHandler
                0x00000478                RTC_IRQHandler
                0x00000478                PDB0_IRQHandler
                0x00000478                Reserved54_IRQHandler
                0x00000478                FTM2_Ch6_Ch7_IRQHandler
                0x00000478                FTM3_Ch2_Ch3_IRQHandler
                0x00000478                FTM2_Ch0_Ch1_IRQHandler
                0x00000478                LPSPI1_IRQHandler
                0x00000478                LPUART1_RxTx_IRQHandler
                0x00000478                RTC_Seconds_IRQHandler
                0x00000478                CAN2_ORed_IRQHandler
                0x00000478                Reserved72_IRQHandler
                0x00000478                Reserved110_IRQHandler
                0x00000478                Reserved107_IRQHandler
                0x00000478                Read_Collision_IRQHandler
                0x00000478                CAN2_Error_IRQHandler
                0x00000478                FTFC_IRQHandler
                0x00000478                FTM1_Ch6_Ch7_IRQHandler
                0x00000478                Reserved105_IRQHandler
                0x00000478                LPIT0_Ch1_IRQHandler
                0x00000478                FTM1_Ch4_Ch5_IRQHandler
                0x00000478                FTM3_Ovf_Reload_IRQHandler
                0x00000478                LPUART2_RxTx_IRQHandler
                0x00000478                LPSPI0_IRQHandler
                0x00000478                WDOG_EWM_IRQHandler
                0x00000478                MemManage_Handler
                0x00000478                Reserved90_IRQHandler
                0x00000478                Reserved83_IRQHandler
                0x00000478                FTM0_Fault_IRQHandler
                0x00000478                Reserved48_IRQHandler
                0x00000478                SVC_Handler
                0x00000478                ERM_single_fault_IRQHandler
                0x00000478                FTM2_Fault_IRQHandler
                0x00000478                FTM0_Ch2_Ch3_IRQHandler
                0x00000478                FTM0_Ch0_Ch1_IRQHandler
                0x00000478                FTM3_Fault_IRQHandler
                0x00000478                RCM_IRQHandler
                0x00000478                Reserved100_IRQHandler
                0x00000478                Reserved91_IRQHandler
                0x00000478                CAN1_ORed_IRQHandler
                0x00000478                SCG_IRQHandler
                0x00000478                PDB1_IRQHandler
                0x00000478                Reserved81_IRQHandler
                0x00000478                Reserved46_IRQHandler
                0x00000478                Reserved45_IRQHandler
                0x00000478                CAN0_Error_IRQHandler
                0x00000478                Reserved112_IRQHandler
                0x00000478                LPI2C0_Master_IRQHandler
                0x00000478                FTM1_Fault_IRQHandler
                0x00000478                Reserved106_IRQHandler
                0x00000478                LVD_LVW_IRQHandler
                0x00000478                LPIT0_Ch2_IRQHandler
                0x00000478                PORTA_IRQHandler
                0x00000478                MCM_IRQHandler
                0x00000478                LPSPI2_IRQHandler
                0x00000478                FTM3_Ch4_Ch5_IRQHandler
                0x00000478                CAN0_ORed_0_15_MB_IRQHandler
                0x00000478                PORTE_IRQHandler
                0x00000478                LPUART0_RxTx_IRQHandler
                0x00000478                LPTMR0_IRQHandler
                0x00000478                BusFault_Handler
                0x00000478                Reserved87_IRQHandler
                0x00000478                FTM1_Ovf_Reload_IRQHandler
                0x00000478                Reserved93_IRQHandler
                0x00000478                CAN0_Wake_Up_IRQHandler
                0x00000478                CMP0_IRQHandler
                0x00000478                Reserved52_IRQHandler
                0x00000478                PORTC_IRQHandler
                0x00000478                FTM1_Ch0_Ch1_IRQHandler
                0x00000478                FLEXIO_IRQHandler
                0x00000478                Reserved113_IRQHandler
 .text          0x0000047c       0x30 c:/nxp/s32ds.3.5/s32ds/build_tools/gcc_b1620/gcc-6.3-arm32-eabi/bin/../lib/gcc/arm-none-eabi/6.3.1/thumb/v7e-m/fpv4-sp/hard\libgcc.a(_aeabi_uldivmod.o)
                0x0000047c                __aeabi_uldivmod
 .text          0x000004ac      0x2e4 c:/nxp/s32ds.3.5/s32ds/build_tools/gcc_b1620/gcc-6.3-arm32-eabi/bin/../lib/gcc/arm-none-eabi/6.3.1/thumb/v7e-m/fpv4-sp/hard\libgcc.a(_udivmoddi4.o)
                0x000004ac                __udivmoddi4
 .text          0x00000790        0x4 c:/nxp/s32ds.3.5/s32ds/build_tools/gcc_b1620/gcc-6.3-arm32-eabi/bin/../lib/gcc/arm-none-eabi/6.3.1/thumb/v7e-m/fpv4-sp/hard\libgcc.a(_dvmd_tls.o)
                0x00000790                __aeabi_idiv0
                0x00000790                __aeabi_ldiv0
 *(.text*)
 .text.l_sys_init
                0x00000794        0x4 ./SDK/middleware/lin/coreapi/lin_common_api.o
                0x00000794                l_sys_init
 .text.l_sch_set
                0x00000798       0x60 ./SDK/middleware/lin/coreapi/lin_common_api.o
                0x00000798                l_sch_set
 .text.l_sch_tick
                0x000007f8      0x330 ./SDK/middleware/lin/coreapi/lin_common_api.o
                0x000007f8                l_sch_tick
 .text.l_ifc_init
                0x00000b28       0x98 ./SDK/middleware/lin/coreapi/lin_common_api.o
                0x00000b28                l_ifc_init
 .text.l_ifc_wake_up
                0x00000bc0        0xe ./SDK/middleware/lin/coreapi/lin_common_api.o
                0x00000bc0                l_ifc_wake_up
 *fill*         0x00000bce        0x2 
 .text.lin_switch_sch_table
                0x00000bd0       0x9c ./SDK/middleware/lin/coreapi/lin_common_proto.o
                0x00000bd0                lin_switch_sch_table
 .text.lin_check_sporadic_update
                0x00000c6c       0x8c ./SDK/middleware/lin/coreapi/lin_common_proto.o
                0x00000c6c                lin_check_sporadic_update
 .text.lin_get_frame_index
                0x00000cf8       0x58 ./SDK/middleware/lin/coreapi/lin_common_proto.o
                0x00000cf8                lin_get_frame_index
 .text.lin_process_uncd_frame
                0x00000d50       0xd8 ./SDK/middleware/lin/coreapi/lin_common_proto.o
                0x00000d50                lin_process_uncd_frame
 .text.lin_pid_resp_callback_handler
                0x00000e28      0x414 ./SDK/middleware/lin/coreapi/lin_common_proto.o
                0x00000e28                lin_pid_resp_callback_handler
 .text.lin_update_word_status_j2602
                0x0000123c       0x48 ./SDK/middleware/lin/coreapi/lin_j2602_proto.o
                0x0000123c                lin_update_word_status_j2602
 .text.lin_collision_resolve
                0x00001284       0x60 ./SDK/middleware/lin/coreapi/lin_lin21_proto.o
                0x00001284                lin_collision_resolve
 .text.lin_update_word_status_lin21
                0x000012e4       0xd0 ./SDK/middleware/lin/coreapi/lin_lin21_proto.o
                0x000012e4                lin_update_word_status_lin21
 .text.lin_update_rx_evnt_frame
                0x000013b4       0x84 ./SDK/middleware/lin/coreapi/lin_lin21_proto.o
                0x000013b4                lin_update_rx_evnt_frame
 .text.CallbackHandler
                0x00001438      0x150 ./SDK/middleware/lin/lowlevel/lin.o
 .text.lin_process_parity
                0x00001588        0x8 ./SDK/middleware/lin/lowlevel/lin.o
                0x00001588                lin_process_parity
 .text.lin_lld_init
                0x00001590      0x120 ./SDK/middleware/lin/lowlevel/lin.o
                0x00001590                lin_lld_init
 .text.lin_lld_get_state
                0x000016b0       0x18 ./SDK/middleware/lin/lowlevel/lin.o
                0x000016b0                lin_lld_get_state
 .text.lin_lld_tx_header
                0x000016c8       0x48 ./SDK/middleware/lin/lowlevel/lin.o
                0x000016c8                lin_lld_tx_header
 .text.lin_lld_tx_wake_up
                0x00001710       0x20 ./SDK/middleware/lin/lowlevel/lin.o
                0x00001710                lin_lld_tx_wake_up
 .text.lin_lld_ignore_response
                0x00001730       0x20 ./SDK/middleware/lin/lowlevel/lin.o
                0x00001730                lin_lld_ignore_response
 .text.lin_lld_set_low_power_mode
                0x00001750       0x20 ./SDK/middleware/lin/lowlevel/lin.o
                0x00001750                lin_lld_set_low_power_mode
 .text.lin_lld_set_response
                0x00001770       0x60 ./SDK/middleware/lin/lowlevel/lin.o
                0x00001770                lin_lld_set_response
 .text.lin_lld_rx_response
                0x000017d0       0x58 ./SDK/middleware/lin/lowlevel/lin.o
                0x000017d0                lin_lld_rx_response
 .text.lin_lld_timeout_service
                0x00001828      0x154 ./SDK/middleware/lin/lowlevel/lin.o
                0x00001828                lin_lld_timeout_service
 .text.ld_get_raw
                0x0000197c       0x24 ./SDK/middleware/lin/transport/lin_commontl_api.o
                0x0000197c                ld_get_raw
 .text.lin_tl_get_response
                0x000019a0      0x108 ./SDK/middleware/lin/transport/lin_commontl_proto.o
 .text.lin_tl_sch_switch
                0x00001aa8       0x34 ./SDK/middleware/lin/transport/lin_commontl_proto.o
 .text.tl_receive_message
                0x00001adc      0x130 ./SDK/middleware/lin/transport/lin_commontl_proto.o
 .text.tl_put_raw
                0x00001c0c       0xec ./SDK/middleware/lin/transport/lin_commontl_proto.o
                0x00001c0c                tl_put_raw
 .text.tl_get_raw
                0x00001cf8       0x5a ./SDK/middleware/lin/transport/lin_commontl_proto.o
                0x00001cf8                tl_get_raw
 *fill*         0x00001d52        0x2 
 .text.lin_tl_callback_handler
                0x00001d54      0x960 ./SDK/middleware/lin/transport/lin_commontl_proto.o
                0x00001d54                lin_tl_callback_handler
 .text.SystemInit
                0x000026b4       0x3c ./SDK/platform/devices/S32K144/startup/system_S32K144.o
                0x000026b4                SystemInit
 .text.init_data_bss
                0x000026f0       0xd8 ./SDK/platform/devices/startup.o
                0x000026f0                init_data_bss
 .text.CLOCK_SYS_GetCurrentRunMode
                0x000027c8       0x24 ./SDK/platform/drivers/src/clock/S32K1xx/clock_S32K1xx.o
 .text.CLOCK_SYS_GetSysOscFreq
                0x000027ec       0x1c ./SDK/platform/drivers/src/clock/S32K1xx/clock_S32K1xx.o
 .text.CLOCK_SYS_ConfigureSOSC
                0x00002808      0x12c ./SDK/platform/drivers/src/clock/S32K1xx/clock_S32K1xx.o
 .text.CLOCK_SYS_GetSircFreq
                0x00002934       0x2c ./SDK/platform/drivers/src/clock/S32K1xx/clock_S32K1xx.o
 .text.CLOCK_SYS_ConfigureSIRC
                0x00002960       0xc4 ./SDK/platform/drivers/src/clock/S32K1xx/clock_S32K1xx.o
 .text.CLOCK_SYS_GetFircFreq
                0x00002a24       0x20 ./SDK/platform/drivers/src/clock/S32K1xx/clock_S32K1xx.o
 .text.CLOCK_SYS_ConfigureFIRC
                0x00002a44       0xb4 ./SDK/platform/drivers/src/clock/S32K1xx/clock_S32K1xx.o
 .text.CLOCK_SYS_GetSysPllFreq
                0x00002af8       0x44 ./SDK/platform/drivers/src/clock/S32K1xx/clock_S32K1xx.o
 .text.CLOCK_SYS_ConfigureSPLL
                0x00002b3c      0x12c ./SDK/platform/drivers/src/clock/S32K1xx/clock_S32K1xx.o
 .text.CLOCK_SYS_SetSystemClockConfig
                0x00002c68      0x204 ./SDK/platform/drivers/src/clock/S32K1xx/clock_S32K1xx.o
 .text.CLOCK_SYS_TransitionSystemClock
                0x00002e6c       0x54 ./SDK/platform/drivers/src/clock/S32K1xx/clock_S32K1xx.o
 .text.CLOCK_SYS_GetSystemClockFreq
                0x00002ec0       0x80 ./SDK/platform/drivers/src/clock/S32K1xx/clock_S32K1xx.o
 .text.CLOCK_SYS_GetScgClkOutFreq
                0x00002f40       0x44 ./SDK/platform/drivers/src/clock/S32K1xx/clock_S32K1xx.o
 .text.CLOCK_SYS_GetSysAsyncFreq
                0x00002f84       0xc0 ./SDK/platform/drivers/src/clock/S32K1xx/clock_S32K1xx.o
 .text.CLOCK_SYS_GetSimRtcClkFreq
                0x00003044       0x50 ./SDK/platform/drivers/src/clock/S32K1xx/clock_S32K1xx.o
 .text.CLOCK_SYS_GetLpoFreq
                0x00003094       0x54 ./SDK/platform/drivers/src/clock/S32K1xx/clock_S32K1xx.o
 .text.CLOCK_SYS_GetSimClkOutFreq
                0x000030e8       0x98 ./SDK/platform/drivers/src/clock/S32K1xx/clock_S32K1xx.o
 .text.CLOCK_SYS_GetSimClockFreq
                0x00003180      0x190 ./SDK/platform/drivers/src/clock/S32K1xx/clock_S32K1xx.o
 .text.CLOCK_SYS_GetPeripheralClock
                0x00003310       0xc8 ./SDK/platform/drivers/src/clock/S32K1xx/clock_S32K1xx.o
 .text.CLOCK_DRV_Init
                0x000033d8      0x610 ./SDK/platform/drivers/src/clock/S32K1xx/clock_S32K1xx.o
                0x000033d8                CLOCK_DRV_Init
 .text.CLOCK_DRV_GetFreq
                0x000039e8      0x1dc ./SDK/platform/drivers/src/clock/S32K1xx/clock_S32K1xx.o
                0x000039e8                CLOCK_DRV_GetFreq
 .text.CLOCK_SYS_Init
                0x00003bc4       0x28 ./SDK/platform/drivers/src/clock/S32K1xx/clock_S32K1xx.o
                0x00003bc4                CLOCK_SYS_Init
 .text.CLOCK_SYS_UpdateConfiguration
                0x00003bec       0xf4 ./SDK/platform/drivers/src/clock/S32K1xx/clock_S32K1xx.o
                0x00003bec                CLOCK_SYS_UpdateConfiguration
 .text.CLOCK_SYS_GetFreq
                0x00003ce0        0x8 ./SDK/platform/drivers/src/clock/S32K1xx/clock_S32K1xx.o
                0x00003ce0                CLOCK_SYS_GetFreq
 .text.EDMA_DRV_ClearIntStatus
                0x00003ce8       0x20 ./SDK/platform/drivers/src/edma/edma_driver.o
 .text.EDMA_DRV_IRQHandler
                0x00003d08       0x20 ./SDK/platform/drivers/src/edma/edma_driver.o
                0x00003d08                EDMA_DRV_IRQHandler
 .text.EDMA_DRV_ErrorIRQHandler
                0x00003d28       0x40 ./SDK/platform/drivers/src/edma/edma_driver.o
                0x00003d28                EDMA_DRV_ErrorIRQHandler
 .text.EDMA_DRV_GetDmaRegBaseAddr
                0x00003d68       0x10 ./SDK/platform/drivers/src/edma/edma_driver.o
                0x00003d68                EDMA_DRV_GetDmaRegBaseAddr
 .text.EDMA_SetDmaRequestCmd
                0x00003d78        0xa ./SDK/platform/drivers/src/edma/edma_hw_access.o
                0x00003d78                EDMA_SetDmaRequestCmd
 .text.DMA0_IRQHandler
                0x00003d82        0xa ./SDK/platform/drivers/src/edma/edma_irq.o
                0x00003d82                DMA0_IRQHandler
 .text.DMA1_IRQHandler
                0x00003d8c        0xa ./SDK/platform/drivers/src/edma/edma_irq.o
                0x00003d8c                DMA1_IRQHandler
 .text.DMA2_IRQHandler
                0x00003d96        0xa ./SDK/platform/drivers/src/edma/edma_irq.o
                0x00003d96                DMA2_IRQHandler
 .text.DMA3_IRQHandler
                0x00003da0        0xa ./SDK/platform/drivers/src/edma/edma_irq.o
                0x00003da0                DMA3_IRQHandler
 .text.DMA4_IRQHandler
                0x00003daa        0xa ./SDK/platform/drivers/src/edma/edma_irq.o
                0x00003daa                DMA4_IRQHandler
 .text.DMA5_IRQHandler
                0x00003db4        0xa ./SDK/platform/drivers/src/edma/edma_irq.o
                0x00003db4                DMA5_IRQHandler
 .text.DMA6_IRQHandler
                0x00003dbe        0xa ./SDK/platform/drivers/src/edma/edma_irq.o
                0x00003dbe                DMA6_IRQHandler
 .text.DMA7_IRQHandler
                0x00003dc8        0xa ./SDK/platform/drivers/src/edma/edma_irq.o
                0x00003dc8                DMA7_IRQHandler
 .text.DMA8_IRQHandler
                0x00003dd2        0xa ./SDK/platform/drivers/src/edma/edma_irq.o
                0x00003dd2                DMA8_IRQHandler
 .text.DMA9_IRQHandler
                0x00003ddc        0xa ./SDK/platform/drivers/src/edma/edma_irq.o
                0x00003ddc                DMA9_IRQHandler
 .text.DMA10_IRQHandler
                0x00003de6        0xa ./SDK/platform/drivers/src/edma/edma_irq.o
                0x00003de6                DMA10_IRQHandler
 .text.DMA11_IRQHandler
                0x00003df0        0xa ./SDK/platform/drivers/src/edma/edma_irq.o
                0x00003df0                DMA11_IRQHandler
 .text.DMA12_IRQHandler
                0x00003dfa        0xa ./SDK/platform/drivers/src/edma/edma_irq.o
                0x00003dfa                DMA12_IRQHandler
 .text.DMA13_IRQHandler
                0x00003e04        0xa ./SDK/platform/drivers/src/edma/edma_irq.o
                0x00003e04                DMA13_IRQHandler
 .text.DMA14_IRQHandler
                0x00003e0e        0xa ./SDK/platform/drivers/src/edma/edma_irq.o
                0x00003e0e                DMA14_IRQHandler
 .text.DMA15_IRQHandler
                0x00003e18        0xa ./SDK/platform/drivers/src/edma/edma_irq.o
                0x00003e18                DMA15_IRQHandler
 .text.DMA_Error_IRQHandler
                0x00003e22       0x28 ./SDK/platform/drivers/src/edma/edma_irq.o
                0x00003e22                DMA_Error_IRQHandler
 *fill*         0x00003e4a        0x2 
 .text.INT_SYS_InstallHandler
                0x00003e4c       0x60 ./SDK/platform/drivers/src/interrupt/interrupt_manager.o
                0x00003e4c                INT_SYS_InstallHandler
 .text.INT_SYS_EnableIRQ
                0x00003eac       0x28 ./SDK/platform/drivers/src/interrupt/interrupt_manager.o
                0x00003eac                INT_SYS_EnableIRQ
 .text.INT_SYS_EnableIRQGlobal
                0x00003ed4       0x1c ./SDK/platform/drivers/src/interrupt/interrupt_manager.o
                0x00003ed4                INT_SYS_EnableIRQGlobal
 .text.INT_SYS_DisableIRQGlobal
                0x00003ef0       0x10 ./SDK/platform/drivers/src/interrupt/interrupt_manager.o
                0x00003ef0                INT_SYS_DisableIRQGlobal
 .text.LIN_DRV_ProcessParity
                0x00003f00       0x4a ./SDK/platform/drivers/src/lin/lin_common.o
                0x00003f00                LIN_DRV_ProcessParity
 .text.LIN_DRV_MakeChecksumByte
                0x00003f4a       0x46 ./SDK/platform/drivers/src/lin/lin_common.o
                0x00003f4a                LIN_DRV_MakeChecksumByte
 .text.LIN_DRV_Init
                0x00003f90        0x8 ./SDK/platform/drivers/src/lin/lin_driver.o
                0x00003f90                LIN_DRV_Init
 .text.LIN_DRV_InstallCallback
                0x00003f98        0x8 ./SDK/platform/drivers/src/lin/lin_driver.o
                0x00003f98                LIN_DRV_InstallCallback
 .text.LIN_DRV_SendFrameData
                0x00003fa0        0x8 ./SDK/platform/drivers/src/lin/lin_driver.o
                0x00003fa0                LIN_DRV_SendFrameData
 .text.LIN_DRV_ReceiveFrameData
                0x00003fa8        0x8 ./SDK/platform/drivers/src/lin/lin_driver.o
                0x00003fa8                LIN_DRV_ReceiveFrameData
 .text.LIN_DRV_AbortTransferData
                0x00003fb0        0x8 ./SDK/platform/drivers/src/lin/lin_driver.o
                0x00003fb0                LIN_DRV_AbortTransferData
 .text.LIN_DRV_GetReceiveStatus
                0x00003fb8        0x8 ./SDK/platform/drivers/src/lin/lin_driver.o
                0x00003fb8                LIN_DRV_GetReceiveStatus
 .text.LIN_DRV_GoToSleepMode
                0x00003fc0        0x8 ./SDK/platform/drivers/src/lin/lin_driver.o
                0x00003fc0                LIN_DRV_GoToSleepMode
 .text.LIN_DRV_GotoIdleState
                0x00003fc8        0x8 ./SDK/platform/drivers/src/lin/lin_driver.o
                0x00003fc8                LIN_DRV_GotoIdleState
 .text.LIN_DRV_SendWakeupSignal
                0x00003fd0        0x8 ./SDK/platform/drivers/src/lin/lin_driver.o
                0x00003fd0                LIN_DRV_SendWakeupSignal
 .text.LIN_DRV_GetCurrentNodeState
                0x00003fd8        0x8 ./SDK/platform/drivers/src/lin/lin_driver.o
                0x00003fd8                LIN_DRV_GetCurrentNodeState
 .text.LIN_DRV_TimeoutService
                0x00003fe0        0x8 ./SDK/platform/drivers/src/lin/lin_driver.o
                0x00003fe0                LIN_DRV_TimeoutService
 .text.LIN_DRV_SetTimeoutCounter
                0x00003fe8        0x8 ./SDK/platform/drivers/src/lin/lin_driver.o
                0x00003fe8                LIN_DRV_SetTimeoutCounter
 .text.LIN_DRV_MasterSendHeader
                0x00003ff0        0x8 ./SDK/platform/drivers/src/lin/lin_driver.o
                0x00003ff0                LIN_DRV_MasterSendHeader
 .text.LIN_DRV_IRQHandler
                0x00003ff8        0x8 ./SDK/platform/drivers/src/lin/lin_driver.o
                0x00003ff8                LIN_DRV_IRQHandler
 .text.LIN_LPUART2_RxTx_IRQHandler
                0x00004000        0xa ./SDK/platform/drivers/src/lin/lin_irq.o
 .text.LIN_LPUART1_RxTx_IRQHandler
                0x0000400a        0xa ./SDK/platform/drivers/src/lin/lin_irq.o
 .text.LIN_LPUART0_RxTx_IRQHandler
                0x00004014        0xa ./SDK/platform/drivers/src/lin/lin_irq.o
 .text.lptmr_GetClkFreq
                0x0000401e       0x50 ./SDK/platform/drivers/src/lptmr/lptmr_driver.o
 *fill*         0x0000406e        0x2 
 .text.LPTMR_DRV_SetConfig
                0x00004070      0x244 ./SDK/platform/drivers/src/lptmr/lptmr_driver.o
                0x00004070                LPTMR_DRV_SetConfig
 .text.LPTMR_DRV_Init
                0x000042b4       0x2c ./SDK/platform/drivers/src/lptmr/lptmr_driver.o
                0x000042b4                LPTMR_DRV_Init
 .text.LPTMR_DRV_ClearCompareFlag
                0x000042e0       0x18 ./SDK/platform/drivers/src/lptmr/lptmr_driver.o
                0x000042e0                LPTMR_DRV_ClearCompareFlag
 .text.LPTMR_DRV_GetCounterValueByCount
                0x000042f8       0x18 ./SDK/platform/drivers/src/lptmr/lptmr_driver.o
                0x000042f8                LPTMR_DRV_GetCounterValueByCount
 .text.LPTMR_DRV_StartCounter
                0x00004310       0x48 ./SDK/platform/drivers/src/lptmr/lptmr_driver.o
                0x00004310                LPTMR_DRV_StartCounter
 .text.LPTMR_Init
                0x00004358       0x18 ./SDK/platform/drivers/src/lptmr/lptmr_hw_access.o
                0x00004358                LPTMR_Init
 .text.LIN_LPUART_DRV_MakeChecksumByte
                0x00004370       0x40 ./SDK/platform/drivers/src/lpuart/lin_lpuart_driver.o
 .text.LIN_LPUART_DRV_Init
                0x000043b0      0x1c8 ./SDK/platform/drivers/src/lpuart/lin_lpuart_driver.o
                0x000043b0                LIN_LPUART_DRV_Init
 .text.LIN_LPUART_DRV_InstallCallback
                0x00004578       0x18 ./SDK/platform/drivers/src/lpuart/lin_lpuart_driver.o
                0x00004578                LIN_LPUART_DRV_InstallCallback
 .text.LIN_LPUART_DRV_SendFrameData
                0x00004590       0x80 ./SDK/platform/drivers/src/lpuart/lin_lpuart_driver.o
                0x00004590                LIN_LPUART_DRV_SendFrameData
 .text.LIN_LPUART_DRV_RecvFrmData
                0x00004610       0x70 ./SDK/platform/drivers/src/lpuart/lin_lpuart_driver.o
                0x00004610                LIN_LPUART_DRV_RecvFrmData
 .text.LIN_LPUART_DRV_GetReceiveStatus
                0x00004680       0x3c ./SDK/platform/drivers/src/lpuart/lin_lpuart_driver.o
                0x00004680                LIN_LPUART_DRV_GetReceiveStatus
 .text.LIN_LPUART_DRV_GoToSleepMode
                0x000046bc       0x80 ./SDK/platform/drivers/src/lpuart/lin_lpuart_driver.o
                0x000046bc                LIN_LPUART_DRV_GoToSleepMode
 .text.LIN_LPUART_DRV_SendWakeupSignal
                0x0000473c       0x34 ./SDK/platform/drivers/src/lpuart/lin_lpuart_driver.o
                0x0000473c                LIN_LPUART_DRV_SendWakeupSignal
 .text.LIN_LPUART_DRV_GetCurrentNodeState
                0x00004770       0x20 ./SDK/platform/drivers/src/lpuart/lin_lpuart_driver.o
                0x00004770                LIN_LPUART_DRV_GetCurrentNodeState
 .text.LIN_LPUART_DRV_SetTimeoutCounter
                0x00004790       0x1c ./SDK/platform/drivers/src/lpuart/lin_lpuart_driver.o
                0x00004790                LIN_LPUART_DRV_SetTimeoutCounter
 .text.LIN_LPUART_DRV_MasterSendHeader
                0x000047ac       0x8c ./SDK/platform/drivers/src/lpuart/lin_lpuart_driver.o
                0x000047ac                LIN_LPUART_DRV_MasterSendHeader
 .text.LIN_LPUART_DRV_GotoIdleState
                0x00004838       0x78 ./SDK/platform/drivers/src/lpuart/lin_lpuart_driver.o
                0x00004838                LIN_LPUART_DRV_GotoIdleState
 .text.LIN_LPUART_DRV_AbortTransferData
                0x000048b0       0x20 ./SDK/platform/drivers/src/lpuart/lin_lpuart_driver.o
                0x000048b0                LIN_LPUART_DRV_AbortTransferData
 .text.LIN_LPUART_DRV_TimeoutService
                0x000048d0       0x78 ./SDK/platform/drivers/src/lpuart/lin_lpuart_driver.o
                0x000048d0                LIN_LPUART_DRV_TimeoutService
 .text.LIN_LPUART_DRV_IRQHandler
                0x00004948      0x498 ./SDK/platform/drivers/src/lpuart/lin_lpuart_driver.o
                0x00004948                LIN_LPUART_DRV_IRQHandler
 .text.LPUART_DRV_SetBaudRate
                0x00004de0      0x10c ./SDK/platform/drivers/src/lpuart/lpuart_driver.o
                0x00004de0                LPUART_DRV_SetBaudRate
 .text.LPUART_Init
                0x00004eec       0x24 ./SDK/platform/drivers/src/lpuart/lpuart_hw_access.o
                0x00004eec                LPUART_Init
 .text.LPUART_SetBitCountPerChar
                0x00004f10       0x30 ./SDK/platform/drivers/src/lpuart/lpuart_hw_access.o
                0x00004f10                LPUART_SetBitCountPerChar
 .text.LPUART_SetParityMode
                0x00004f40       0x1e ./SDK/platform/drivers/src/lpuart/lpuart_hw_access.o
                0x00004f40                LPUART_SetParityMode
 .text.LPUART_SetIntMode
                0x00004f5e       0x70 ./SDK/platform/drivers/src/lpuart/lpuart_hw_access.o
                0x00004f5e                LPUART_SetIntMode
 .text.LPUART_GetIntMode
                0x00004fce       0x4a ./SDK/platform/drivers/src/lpuart/lpuart_hw_access.o
                0x00004fce                LPUART_GetIntMode
 .text.LPUART_GetStatusFlag
                0x00005018       0x48 ./SDK/platform/drivers/src/lpuart/lpuart_hw_access.o
                0x00005018                LPUART_GetStatusFlag
 .text.LPUART_ClearStatusFlag
                0x00005060      0x130 ./SDK/platform/drivers/src/lpuart/lpuart_hw_access.o
                0x00005060                LPUART_ClearStatusFlag
 .text.PINS_DRV_Init
                0x00005190       0x20 ./SDK/platform/drivers/src/pins/pins_driver.o
                0x00005190                PINS_DRV_Init
 .text.PINS_DRV_ClearPinIntFlagCmd
                0x000051b0       0x16 ./SDK/platform/drivers/src/pins/pins_driver.o
                0x000051b0                PINS_DRV_ClearPinIntFlagCmd
 .text.PINS_DRV_GetPortIntFlag
                0x000051c6        0x6 ./SDK/platform/drivers/src/pins/pins_driver.o
                0x000051c6                PINS_DRV_GetPortIntFlag
 .text.PINS_DRV_SetPinsDirection
                0x000051cc        0x4 ./SDK/platform/drivers/src/pins/pins_driver.o
                0x000051cc                PINS_DRV_SetPinsDirection
 .text.PINS_DRV_WritePin
                0x000051d0       0x18 ./SDK/platform/drivers/src/pins/pins_driver.o
                0x000051d0                PINS_DRV_WritePin
 .text.PINS_DRV_SetPins
                0x000051e8        0x4 ./SDK/platform/drivers/src/pins/pins_driver.o
                0x000051e8                PINS_DRV_SetPins
 .text.PINS_DRV_TogglePins
                0x000051ec        0x4 ./SDK/platform/drivers/src/pins/pins_driver.o
                0x000051ec                PINS_DRV_TogglePins
 .text.PINS_GetAdcInterleaveVal
                0x000051f0       0x70 ./SDK/platform/drivers/src/pins/pins_port_hw_access.o
 .text.PINS_Init
                0x00005260      0x138 ./SDK/platform/drivers/src/pins/pins_port_hw_access.o
                0x00005260                PINS_Init
 .text.SysTick_Handler
                0x00005398       0x10 ./SDK/rtos/osif/osif_baremetal.o
                0x00005398                SysTick_Handler
 .text.OSIF_SemaPost
                0x000053a8       0x2c ./SDK/rtos/osif/osif_baremetal.o
                0x000053a8                OSIF_SemaPost
 .text.OSIF_SemaCreate
                0x000053d4       0x1a ./SDK/rtos/osif/osif_baremetal.o
                0x000053d4                OSIF_SemaCreate
 *fill*         0x000053ee        0x2 
 .text.TestCase1
                0x000053f0      0x10c ./src/Application.o
                0x000053f0                TestCase1
 .text.LPTMR_ISR
                0x000054fc       0x3c ./src/main.o
                0x000054fc                LPTMR_ISR
 .text.BTNPORT_IRQHandler
                0x00005538       0x5c ./src/main.o
                0x00005538                BTNPORT_IRQHandler
 .text.lin0TimerGetTimeIntervalCallback0
                0x00005594       0x3c ./src/main.o
                0x00005594                lin0TimerGetTimeIntervalCallback0
 .text.lin_master_task
                0x000055d0       0x1c ./src/main.o
                0x000055d0                lin_master_task
 .text.main     0x000055ec       0x84 ./src/main.o
                0x000055ec                main
 *(.rodata)
 *(.rodata*)
 .rodata.clockNameMappings
                0x00005670       0x9e ./SDK/platform/drivers/src/clock/S32K1xx/clock_S32K1xx.o
                0x00005670                clockNameMappings
 *fill*         0x0000570e        0x2 
 .rodata.maxSysClksInHSRUN.7631
                0x00005710       0x54 ./SDK/platform/drivers/src/clock/S32K1xx/clock_S32K1xx.o
 .rodata.maxSysClksInRUN.7630
                0x00005764       0x54 ./SDK/platform/drivers/src/clock/S32K1xx/clock_S32K1xx.o
 .rodata.maxSysClksInVLPR.7629
                0x000057b8       0x54 ./SDK/platform/drivers/src/clock/S32K1xx/clock_S32K1xx.o
 .rodata.peripheralFeaturesList
                0x0000580c       0x4f ./SDK/platform/drivers/src/clock/S32K1xx/clock_S32K1xx.o
                0x0000580c                peripheralFeaturesList
 *fill*         0x0000585b        0x1 
 .rodata.g_linLpuartBase
                0x0000585c        0xc ./SDK/platform/drivers/src/lpuart/lin_lpuart_driver.o
                0x0000585c                g_linLpuartBase
 .rodata.g_linLpuartRxTxIrqId
                0x00005868        0x3 ./SDK/platform/drivers/src/lpuart/lin_lpuart_driver.o
                0x00005868                g_linLpuartRxTxIrqId
 *fill*         0x0000586b        0x1 
 .rodata.s_linLpuartClkName
                0x0000586c        0x3 ./SDK/platform/drivers/src/lpuart/lin_lpuart_driver.o
 *fill*         0x0000586f        0x1 
 .rodata.s_lpuartBase
                0x00005870        0xc ./SDK/platform/drivers/src/lpuart/lpuart_driver.o
 .rodata.s_lpuartClkNames
                0x0000587c        0x3 ./SDK/platform/drivers/src/lpuart/lpuart_driver.o
 *fill*         0x0000587f        0x1 
 .rodata.LI0_MasterReqTable_data
                0x00005880        0xa ./board/lin_cfg.o
 *fill*         0x0000588a        0x2 
 .rodata.LI0_NormalTable_data
                0x0000588c       0x14 ./board/lin_cfg.o
 .rodata.LI0_SlaveRespTable_data
                0x000058a0        0xa ./board/lin_cfg.o
 *fill*         0x000058aa        0x2 
 .rodata.LI0_SporadicControlFrame_info
                0x000058ac        0xc ./board/lin_cfg.o
 .rodata.LI0_SporadicControlFrame_info_data
                0x000058b8        0x2 ./board/lin_cfg.o
 *fill*         0x000058ba        0x2 
 .rodata.LI0_lin_configuration_ROM
                0x000058bc       0x18 ./board/lin_cfg.o
 .rodata.LI0_lin_gotosleep_data
                0x000058d4        0xa ./board/lin_cfg.o
 *fill*         0x000058de        0x2 
 .rodata.g_lin_hardware_ifc
                0x000058e0        0x3 ./board/lin_cfg.o
                0x000058e0                g_lin_hardware_ifc
 *fill*         0x000058e3        0x1 
 .rodata.g_lin_protocol_user_cfg_array
                0x000058e4       0x30 ./board/lin_cfg.o
                0x000058e4                g_lin_protocol_user_cfg_array
 .rodata.g_lin_virtual_ifc
                0x00005914        0x4 ./board/lin_cfg.o
                0x00005914                g_lin_virtual_ifc
 .rodata.lin_frame_tbl
                0x00005918       0xa0 ./board/lin_cfg.o
 .rodata.lin_schedule_tbl
                0x000059b8       0x28 ./board/lin_cfg.o
 .rodata.LPTMR0_config0
                0x000059e0       0x10 ./board/peripherals_LPTMR_0.o
                0x000059e0                LPTMR0_config0
 *(.init)
 .init          0x000059f0        0x4 c:/nxp/s32ds.3.5/s32ds/build_tools/gcc_b1620/gcc-6.3-arm32-eabi/bin/../lib/gcc/arm-none-eabi/6.3.1/thumb/v7e-m/fpv4-sp/hard/crti.o
                0x000059f0                _init
 *(.fini)
 .fini          0x000059f4        0x4 c:/nxp/s32ds.3.5/s32ds/build_tools/gcc_b1620/gcc-6.3-arm32-eabi/bin/../lib/gcc/arm-none-eabi/6.3.1/thumb/v7e-m/fpv4-sp/hard/crti.o
                0x000059f4                _fini
 *(.eh_frame)
                0x000059f8                . = ALIGN (0x4)

.glue_7         0x000059f8        0x0
 .glue_7        0x000059f8        0x0 linker stubs

.glue_7t        0x000059f8        0x0
 .glue_7t       0x000059f8        0x0 linker stubs

.vfp11_veneer   0x000059f8        0x0
 .vfp11_veneer  0x000059f8        0x0 linker stubs

.v4_bx          0x000059f8        0x0
 .v4_bx         0x000059f8        0x0 linker stubs

.iplt           0x000059f8        0x0
 .iplt          0x000059f8        0x0 ./Project_Settings/Startup_Code/startup_S32K144.o

.ARM            0x000059f8        0x8
                0x000059f8                __exidx_start = .
 *(.ARM.exidx*)
 .ARM.exidx     0x000059f8        0x8 c:/nxp/s32ds.3.5/s32ds/build_tools/gcc_b1620/gcc-6.3-arm32-eabi/bin/../lib/gcc/arm-none-eabi/6.3.1/thumb/v7e-m/fpv4-sp/hard\libgcc.a(_udivmoddi4.o)
                0x00005a00                __exidx_end = .
                0x00005a00                __etext = .
                0x00005a00                __DATA_ROM = .

.rel.dyn        0x00005a00        0x0
 .rel.iplt      0x00005a00        0x0 ./Project_Settings/Startup_Code/startup_S32K144.o

.interrupts_ram
                0x1fff8000      0x400
                0x1fff8000                . = ALIGN (0x4)
                0x1fff8000                __VECTOR_RAM__ = .
                0x1fff8000                __RAM_START = .
                0x1fff8000                __interrupts_ram_start__ = .
 *(.m_interrupts_ram)
                0x1fff8400                . = (. + M_VECTOR_RAM_SIZE)
 *fill*         0x1fff8000      0x400 
                0x1fff8400                . = ALIGN (0x4)
                0x1fff8400                __interrupts_ram_end__ = .
                0x1fff8000                __VECTOR_RAM = DEFINED (__flash_vector_table__)?ORIGIN (m_interrupts):__VECTOR_RAM__
                0x00000400                __RAM_VECTOR_TABLE_SIZE = DEFINED (__flash_vector_table__)?0x0:(__interrupts_ram_end__ - __interrupts_ram_start__)

.data           0x1fff8400      0x2dc load address 0x00005a00
                0x1fff8400                . = ALIGN (0x4)
                0x1fff8400                __DATA_RAM = .
                0x1fff8400                __data_start__ = .
 *(.data)
 *(.data*)
 .data.peripheralClockConfig.7378
                0x1fff8400       0xa0 ./SDK/platform/drivers/src/clock/S32K1xx/clock_S32K1xx.o
 .data.g_linLpuartIsrs
                0x1fff84a0        0xc ./SDK/platform/drivers/src/lin/lin_irq.o
                0x1fff84a0                g_linLpuartIsrs
 .data.clockMan1_InitConfig0
                0x1fff84ac       0x88 ./board/clock_config.o
                0x1fff84ac                clockMan1_InitConfig0
 .data.g_clockManConfigsArr
                0x1fff8534        0x4 ./board/clock_config.o
                0x1fff8534                g_clockManConfigsArr
 .data.peripheralClockConfig0
                0x1fff8538       0xa0 ./board/clock_config.o
                0x1fff8538                peripheralClockConfig0
 .data.LI0_lin_configuration_RAM
                0x1fff85d8        0xc ./board/lin_cfg.o
 .data.g_lin_flag_handle_tbl
                0x1fff85e4        0x7 ./board/lin_cfg.o
                0x1fff85e4                g_lin_flag_handle_tbl
 *fill*         0x1fff85eb        0x1 
 .data.g_lin_frame_data_buffer
                0x1fff85ec       0x1c ./board/lin_cfg.o
                0x1fff85ec                g_lin_frame_data_buffer
 .data.lin0_InitConfig0
                0x1fff8608       0x14 ./board/peripherals_LPUART_2.o
                0x1fff8608                lin0_InitConfig0
 .data.g_pin_mux_InitConfigArr0
                0x1fff861c       0xc0 ./board/pin_mux.o
                0x1fff861c                g_pin_mux_InitConfigArr0
                0x1fff86dc                . = ALIGN (0x4)
                0x1fff86dc                __data_end__ = .
                0x00005cdc                __DATA_END = (__DATA_ROM + (__data_end__ - __data_start__))
                0x00005cdc                __CODE_ROM = __DATA_END

.igot.plt       0x1fff86dc        0x0 load address 0x00005cdc
 .igot.plt      0x1fff86dc        0x0 ./Project_Settings/Startup_Code/startup_S32K144.o

.code           0x1fff86dc        0x0 load address 0x00005cdc
                0x1fff86dc                . = ALIGN (0x4)
                0x1fff86dc                __CODE_RAM = .
                0x1fff86dc                __code_start__ = .
                0x1fff86dc                __code_ram_start__ = .
 *(.code_ram)
                0x1fff86dc                . = ALIGN (0x4)
                0x1fff86dc                __code_end__ = .
                0x1fff86dc                __code_ram_end__ = .
                0x00005cdc                __CODE_END = (__CODE_ROM + (__code_end__ - __code_start__))
                0x00005cdc                __CUSTOM_ROM = __CODE_END

.customSectionBlock
                0x20000000        0x0 load address 0x00005cdc
                0x20000000                __customSection_start__ = .
 *(.customSection)
                0x20000000                __customSection_end__ = .
                0x00005cdc                __CUSTOM_END = (__CUSTOM_ROM + (__customSection_end__ - __customSection_start__))
                0x00005cdc                __rom_end = __CUSTOM_END

.bss            0x20000000      0x1a4
                0x20000000                . = ALIGN (0x4)
                0x20000000                __BSS_START = .
                0x20000000                __bss_start__ = .
 *(.bss)
 *(.bss*)
 .bss.lin_schedule_start_entry.7089
                0x20000000        0x5 ./SDK/middleware/lin/coreapi/lin_common_api.o
 *fill*         0x20000005        0x3 
 .bss.g_lin_master_data_array
                0x20000008       0x1c ./SDK/middleware/lin/lowlevel/lin.o
                0x20000008                g_lin_master_data_array
 .bss.g_lin_protocol_state_array
                0x20000024       0x20 ./SDK/middleware/lin/lowlevel/lin.o
                0x20000024                g_lin_protocol_state_array
 .bss.g_lin_tl_descriptor_array
                0x20000044       0x4c ./SDK/middleware/lin/lowlevel/lin.o
                0x20000044                g_lin_tl_descriptor_array
 .bss.lin_lld_response_buffer.6988
                0x20000090        0xa ./SDK/middleware/lin/lowlevel/lin.o
 *fill*         0x2000009a        0x2 
 .bss.s_baudrate_adjusted_flg
                0x2000009c        0x1 ./SDK/middleware/lin/lowlevel/lin.o
 *fill*         0x2000009d        0x3 
 .bss.s_lin_max_frame_res_timeout_val
                0x200000a0       0x10 ./SDK/middleware/lin/lowlevel/lin.o
 .bss.s_lin_max_header_timeout
                0x200000b0        0x2 ./SDK/middleware/lin/lowlevel/lin.o
 *fill*         0x200000b2        0x2 
 .bss.s_lin_state_array
                0x200000b4       0x2c ./SDK/middleware/lin/lowlevel/lin.o
 .bss.g_RtcClkInFreq
                0x200000e0        0x4 ./SDK/platform/drivers/src/clock/S32K1xx/clock_S32K1xx.o
                0x200000e0                g_RtcClkInFreq
 .bss.g_TClkFreq
                0x200000e4        0xc ./SDK/platform/drivers/src/clock/S32K1xx/clock_S32K1xx.o
                0x200000e4                g_TClkFreq
 .bss.g_clockState
                0x200000f0       0x10 ./SDK/platform/drivers/src/clock/S32K1xx/clock_S32K1xx.o
 .bss.g_xtal0ClkFreq
                0x20000100        0x4 ./SDK/platform/drivers/src/clock/S32K1xx/clock_S32K1xx.o
                0x20000100                g_xtal0ClkFreq
 .bss.s_virtEdmaState
                0x20000104        0x4 ./SDK/platform/drivers/src/edma/edma_driver.o
 .bss.g_interruptDisableCount
                0x20000108        0x4 ./SDK/platform/drivers/src/interrupt/interrupt_manager.o
 .bss.g_linStatePtr
                0x2000010c        0xc ./SDK/platform/drivers/src/lpuart/lin_lpuart_driver.o
                0x2000010c                g_linStatePtr
 .bss.g_linUserconfigPtr
                0x20000118        0xc ./SDK/platform/drivers/src/lpuart/lin_lpuart_driver.o
                0x20000118                g_linUserconfigPtr
 .bss.s_countMeasure
                0x20000124        0x3 ./SDK/platform/drivers/src/lpuart/lin_lpuart_driver.o
 *fill*         0x20000127        0x1 
 .bss.s_previousTwoBitTimeLength
                0x20000128        0xc ./SDK/platform/drivers/src/lpuart/lin_lpuart_driver.o
 .bss.s_timeMeasure
                0x20000134        0xc ./SDK/platform/drivers/src/lpuart/lin_lpuart_driver.o
 .bss.s_wakeupSignal
                0x20000140        0x3 ./SDK/platform/drivers/src/lpuart/lin_lpuart_driver.o
 *fill*         0x20000143        0x1 
 .bss.s_lpuartStatePtr
                0x20000144        0xc ./SDK/platform/drivers/src/lpuart/lpuart_driver.o
 .bss.s_osif_tick_cnt
                0x20000150        0x4 ./SDK/rtos/osif/osif_baremetal.o
 .bss.g_clockManCallbacksArr
                0x20000154        0x4 ./board/clock_config.o
                0x20000154                g_clockManCallbacksArr
 .bss.LI0_tl_rx_queue_data
                0x20000158       0x10 ./board/lin_cfg.o
 .bss.LI0_tl_tx_queue_data
                0x20000168       0x10 ./board/lin_cfg.o
 .bss.g_buffer_backup_data
                0x20000178        0x8 ./board/lin_cfg.o
                0x20000178                g_buffer_backup_data
 .bss.g_lin_frame_flag_handle_tbl
                0x20000180        0xa ./board/lin_cfg.o
                0x20000180                g_lin_frame_flag_handle_tbl
 *fill*         0x2000018a        0x2 
 .bss.g_lin_frame_updating_flag_tbl
                0x2000018c        0xa ./board/lin_cfg.o
                0x2000018c                g_lin_frame_updating_flag_tbl
 *fill*         0x20000196        0x2 
 .bss.interruptCount.7716
                0x20000198        0x4 ./src/main.o
 .bss.previousCountValue.7720
                0x2000019c        0x4 ./src/main.o
 .bss.timerOverflowInterruptCount
                0x200001a0        0x2 ./src/main.o
                0x200001a0                timerOverflowInterruptCount
 *(COMMON)
                0x200001a4                . = ALIGN (0x4)
 *fill*         0x200001a2        0x2 
                0x200001a4                __bss_end__ = .
                0x200001a4                __BSS_END = .

.heap           0x200001a4      0x404
                0x200001a8                . = ALIGN (0x8)
 *fill*         0x200001a4        0x4 
                0x200001a8                __end__ = .
                0x200001a8                __heap_start__ = .
                [!provide]                PROVIDE (end = .)
                [!provide]                PROVIDE (_end = .)
                [!provide]                PROVIDE (__end = .)
                0x200001a8                __HeapBase = .
                0x200005a8                . = (. + HEAP_SIZE)
 *fill*         0x200001a8      0x400 
                0x200005a8                __HeapLimit = .
                0x200005a8                __heap_limit = .
                0x200005a8                __heap_end__ = .
                0x20007000                __StackTop = (ORIGIN (m_data_2) + LENGTH (m_data_2))
                0x20006c00                __StackLimit = (__StackTop - STACK_SIZE)
                0x20007000                PROVIDE (__stack = __StackTop)
                0x20007000                __RAM_END = __StackTop

.stack          0x20006c00      0x400
                0x20006c00                . = ALIGN (0x8)
                0x20006c00                __stack_start__ = .
                0x20007000                . = (. + STACK_SIZE)
 *fill*         0x20006c00      0x400 
                0x20007000                __stack_end__ = .

.ARM.attributes
                0x00000000       0x30
 *(.ARM.attributes)
 .ARM.attributes
                0x00000000       0x22 c:/nxp/s32ds.3.5/s32ds/build_tools/gcc_b1620/gcc-6.3-arm32-eabi/bin/../lib/gcc/arm-none-eabi/6.3.1/thumb/v7e-m/fpv4-sp/hard/crti.o
 .ARM.attributes
                0x00000022       0x1f ./Project_Settings/Startup_Code/startup_S32K144.o
 .ARM.attributes
                0x00000041       0x39 ./SDK/middleware/lin/coreapi/lin_common_api.o
 .ARM.attributes
                0x0000007a       0x39 ./SDK/middleware/lin/coreapi/lin_common_proto.o
 .ARM.attributes
                0x000000b3       0x39 ./SDK/middleware/lin/coreapi/lin_j2602_proto.o
 .ARM.attributes
                0x000000ec       0x39 ./SDK/middleware/lin/coreapi/lin_lin21_proto.o
 .ARM.attributes
                0x00000125       0x39 ./SDK/middleware/lin/lowlevel/lin.o
 .ARM.attributes
                0x0000015e       0x39 ./SDK/middleware/lin/transport/lin_commontl_api.o
 .ARM.attributes
                0x00000197       0x39 ./SDK/middleware/lin/transport/lin_commontl_proto.o
 .ARM.attributes
                0x000001d0       0x39 ./SDK/platform/devices/S32K144/startup/system_S32K144.o
 .ARM.attributes
                0x00000209       0x39 ./SDK/platform/devices/startup.o
 .ARM.attributes
                0x00000242       0x39 ./SDK/platform/drivers/src/clock/S32K1xx/clock_S32K1xx.o
 .ARM.attributes
                0x0000027b       0x39 ./SDK/platform/drivers/src/edma/edma_driver.o
 .ARM.attributes
                0x000002b4       0x39 ./SDK/platform/drivers/src/edma/edma_hw_access.o
 .ARM.attributes
                0x000002ed       0x39 ./SDK/platform/drivers/src/edma/edma_irq.o
 .ARM.attributes
                0x00000326       0x39 ./SDK/platform/drivers/src/interrupt/interrupt_manager.o
 .ARM.attributes
                0x0000035f       0x39 ./SDK/platform/drivers/src/lin/lin_common.o
 .ARM.attributes
                0x00000398       0x39 ./SDK/platform/drivers/src/lin/lin_driver.o
 .ARM.attributes
                0x000003d1       0x39 ./SDK/platform/drivers/src/lin/lin_irq.o
 .ARM.attributes
                0x0000040a       0x39 ./SDK/platform/drivers/src/lptmr/lptmr_driver.o
 .ARM.attributes
                0x00000443       0x39 ./SDK/platform/drivers/src/lptmr/lptmr_hw_access.o
 .ARM.attributes
                0x0000047c       0x39 ./SDK/platform/drivers/src/lpuart/lin_lpuart_driver.o
 .ARM.attributes
                0x000004b5       0x39 ./SDK/platform/drivers/src/lpuart/lpuart_driver.o
 .ARM.attributes
                0x000004ee       0x39 ./SDK/platform/drivers/src/lpuart/lpuart_hw_access.o
 .ARM.attributes
                0x00000527       0x39 ./SDK/platform/drivers/src/pins/pins_driver.o
 .ARM.attributes
                0x00000560       0x39 ./SDK/platform/drivers/src/pins/pins_port_hw_access.o
 .ARM.attributes
                0x00000599       0x39 ./SDK/rtos/osif/osif_baremetal.o
 .ARM.attributes
                0x000005d2       0x39 ./board/clock_config.o
 .ARM.attributes
                0x0000060b       0x39 ./board/lin_cfg.o
 .ARM.attributes
                0x00000644       0x39 ./board/peripherals_LPTMR_0.o
 .ARM.attributes
                0x0000067d       0x39 ./board/peripherals_LPUART_2.o
 .ARM.attributes
                0x000006b6       0x39 ./board/pin_mux.o
 .ARM.attributes
                0x000006ef       0x39 ./src/Application.o
 .ARM.attributes
                0x00000728       0x39 ./src/main.o
 .ARM.attributes
                0x00000761       0x22 c:/nxp/s32ds.3.5/s32ds/build_tools/gcc_b1620/gcc-6.3-arm32-eabi/bin/../lib/gcc/arm-none-eabi/6.3.1/thumb/v7e-m/fpv4-sp/hard\libgcc.a(_aeabi_uldivmod.o)
 .ARM.attributes
                0x00000783       0x34 c:/nxp/s32ds.3.5/s32ds/build_tools/gcc_b1620/gcc-6.3-arm32-eabi/bin/../lib/gcc/arm-none-eabi/6.3.1/thumb/v7e-m/fpv4-sp/hard\libgcc.a(_udivmoddi4.o)
 .ARM.attributes
                0x000007b7       0x22 c:/nxp/s32ds.3.5/s32ds/build_tools/gcc_b1620/gcc-6.3-arm32-eabi/bin/../lib/gcc/arm-none-eabi/6.3.1/thumb/v7e-m/fpv4-sp/hard\libgcc.a(_dvmd_tls.o)
                0x00000001                ASSERT ((__rom_end <= (ORIGIN (m_text) + LENGTH (m_text))), Region m_text overflowed!)
                0x00000001                ASSERT ((__StackLimit >= __HeapLimit), region m_data_2 overflowed with stack and heap)
OUTPUT(lin_master_s32k144.elf elf32-littlearm)

.debug_line     0x00000000     0xe8db
 .debug_line    0x00000000       0xcc ./Project_Settings/Startup_Code/startup_S32K144.o
 .debug_line    0x000000cc      0x759 ./SDK/middleware/lin/coreapi/lin_common_api.o
 .debug_line    0x00000825      0x732 ./SDK/middleware/lin/coreapi/lin_common_proto.o
 .debug_line    0x00000f57      0x58c ./SDK/middleware/lin/coreapi/lin_j2602_proto.o
 .debug_line    0x000014e3      0x5f0 ./SDK/middleware/lin/coreapi/lin_lin21_proto.o
 .debug_line    0x00001ad3      0x7bf ./SDK/middleware/lin/lowlevel/lin.o
 .debug_line    0x00002292      0x78e ./SDK/middleware/lin/transport/lin_commontl_api.o
 .debug_line    0x00002a20      0x8bf ./SDK/middleware/lin/transport/lin_commontl_proto.o
 .debug_line    0x000032df      0x427 ./SDK/platform/devices/S32K144/startup/system_S32K144.o
 .debug_line    0x00003706      0x3b5 ./SDK/platform/devices/startup.o
 .debug_line    0x00003abb     0x150b ./SDK/platform/drivers/src/clock/S32K1xx/clock_S32K1xx.o
 .debug_line    0x00004fc6     0x10d1 ./SDK/platform/drivers/src/edma/edma_driver.o
 .debug_line    0x00006097      0x5b8 ./SDK/platform/drivers/src/edma/edma_hw_access.o
 .debug_line    0x0000664f      0x51f ./SDK/platform/drivers/src/edma/edma_irq.o
 .debug_line    0x00006b6e      0x5ae ./SDK/platform/drivers/src/interrupt/interrupt_manager.o
 .debug_line    0x0000711c      0x4e6 ./SDK/platform/drivers/src/lin/lin_common.o
 .debug_line    0x00007602      0x758 ./SDK/platform/drivers/src/lin/lin_driver.o
 .debug_line    0x00007d5a      0x4be ./SDK/platform/drivers/src/lin/lin_irq.o
 .debug_line    0x00008218      0xa5b ./SDK/platform/drivers/src/lptmr/lptmr_driver.o
 .debug_line    0x00008c73      0x46a ./SDK/platform/drivers/src/lptmr/lptmr_hw_access.o
 .debug_line    0x000090dd      0xcc7 ./SDK/platform/drivers/src/lpuart/lin_lpuart_driver.o
 .debug_line    0x00009da4      0xe98 ./SDK/platform/drivers/src/lpuart/lpuart_driver.o
 .debug_line    0x0000ac3c      0x668 ./SDK/platform/drivers/src/lpuart/lpuart_hw_access.o
 .debug_line    0x0000b2a4      0x6f5 ./SDK/platform/drivers/src/pins/pins_driver.o
 .debug_line    0x0000b999      0x5b4 ./SDK/platform/drivers/src/pins/pins_port_hw_access.o
 .debug_line    0x0000bf4d      0x654 ./SDK/rtos/osif/osif_baremetal.o
 .debug_line    0x0000c5a1      0x455 ./board/clock_config.o
 .debug_line    0x0000c9f6      0x531 ./board/lin_cfg.o
 .debug_line    0x0000cf27      0x3fb ./board/peripherals_LPTMR_0.o
 .debug_line    0x0000d322      0x46b ./board/peripherals_LPUART_2.o
 .debug_line    0x0000d78d      0x3ee ./board/pin_mux.o
 .debug_line    0x0000db7b      0x696 ./src/Application.o
 .debug_line    0x0000e211      0x6ca ./src/main.o

.debug_info     0x00000000    0x2d04c
 .debug_info    0x00000000       0x26 ./Project_Settings/Startup_Code/startup_S32K144.o
 .debug_info    0x00000026     0x1717 ./SDK/middleware/lin/coreapi/lin_common_api.o
 .debug_info    0x0000173d     0x1964 ./SDK/middleware/lin/coreapi/lin_common_proto.o
 .debug_info    0x000030a1     0x1016 ./SDK/middleware/lin/coreapi/lin_j2602_proto.o
 .debug_info    0x000040b7     0x120e ./SDK/middleware/lin/coreapi/lin_lin21_proto.o
 .debug_info    0x000052c5     0x1e01 ./SDK/middleware/lin/lowlevel/lin.o
 .debug_info    0x000070c6     0x1531 ./SDK/middleware/lin/transport/lin_commontl_api.o
 .debug_info    0x000085f7     0x1a5e ./SDK/middleware/lin/transport/lin_commontl_proto.o
 .debug_info    0x0000a055      0x521 ./SDK/platform/devices/S32K144/startup/system_S32K144.o
 .debug_info    0x0000a576      0x2ad ./SDK/platform/devices/startup.o
 .debug_info    0x0000a823     0x6226 ./SDK/platform/drivers/src/clock/S32K1xx/clock_S32K1xx.o
 .debug_info    0x00010a49     0x48a2 ./SDK/platform/drivers/src/edma/edma_driver.o
 .debug_info    0x000152eb      0xa56 ./SDK/platform/drivers/src/edma/edma_hw_access.o
 .debug_info    0x00015d41      0x6de ./SDK/platform/drivers/src/edma/edma_irq.o
 .debug_info    0x0001641f      0xc99 ./SDK/platform/drivers/src/interrupt/interrupt_manager.o
 .debug_info    0x000170b8      0x1fc ./SDK/platform/drivers/src/lin/lin_common.o
 .debug_info    0x000172b4     0x127a ./SDK/platform/drivers/src/lin/lin_driver.o
 .debug_info    0x0001852e      0x12f ./SDK/platform/drivers/src/lin/lin_irq.o
 .debug_info    0x0001865d     0x294d ./SDK/platform/drivers/src/lptmr/lptmr_driver.o
 .debug_info    0x0001afaa      0x14c ./SDK/platform/drivers/src/lptmr/lptmr_hw_access.o
 .debug_info    0x0001b0f6     0x3110 ./SDK/platform/drivers/src/lpuart/lin_lpuart_driver.o
 .debug_info    0x0001e206     0x375f ./SDK/platform/drivers/src/lpuart/lpuart_driver.o
 .debug_info    0x00021965      0x9bb ./SDK/platform/drivers/src/lpuart/lpuart_hw_access.o
 .debug_info    0x00022320     0x14b7 ./SDK/platform/drivers/src/pins/pins_driver.o
 .debug_info    0x000237d7      0x9a5 ./SDK/platform/drivers/src/pins/pins_port_hw_access.o
 .debug_info    0x0002417c      0xbce ./SDK/rtos/osif/osif_baremetal.o
 .debug_info    0x00024d4a     0x12b9 ./board/clock_config.o
 .debug_info    0x00026003     0x11e8 ./board/lin_cfg.o
 .debug_info    0x000271eb      0x285 ./board/peripherals_LPTMR_0.o
 .debug_info    0x00027470      0x3c7 ./board/peripherals_LPUART_2.o
 .debug_info    0x00027837      0x409 ./board/pin_mux.o
 .debug_info    0x00027c40     0x2762 ./src/Application.o
 .debug_info    0x0002a3a2     0x2caa ./src/main.o

.debug_abbrev   0x00000000     0x4699
 .debug_abbrev  0x00000000       0x14 ./Project_Settings/Startup_Code/startup_S32K144.o
 .debug_abbrev  0x00000014      0x35c ./SDK/middleware/lin/coreapi/lin_common_api.o
 .debug_abbrev  0x00000370      0x328 ./SDK/middleware/lin/coreapi/lin_common_proto.o
 .debug_abbrev  0x00000698      0x17b ./SDK/middleware/lin/coreapi/lin_j2602_proto.o
 .debug_abbrev  0x00000813      0x1ec ./SDK/middleware/lin/coreapi/lin_lin21_proto.o
 .debug_abbrev  0x000009ff      0x37e ./SDK/middleware/lin/lowlevel/lin.o
 .debug_abbrev  0x00000d7d      0x2ee ./SDK/middleware/lin/transport/lin_commontl_api.o
 .debug_abbrev  0x0000106b      0x34c ./SDK/middleware/lin/transport/lin_commontl_proto.o
 .debug_abbrev  0x000013b7      0x141 ./SDK/platform/devices/S32K144/startup/system_S32K144.o
 .debug_abbrev  0x000014f8       0xe1 ./SDK/platform/devices/startup.o
 .debug_abbrev  0x000015d9      0x409 ./SDK/platform/drivers/src/clock/S32K1xx/clock_S32K1xx.o
 .debug_abbrev  0x000019e2      0x414 ./SDK/platform/drivers/src/edma/edma_driver.o
 .debug_abbrev  0x00001df6      0x242 ./SDK/platform/drivers/src/edma/edma_hw_access.o
 .debug_abbrev  0x00002038      0x1bb ./SDK/platform/drivers/src/edma/edma_irq.o
 .debug_abbrev  0x000021f3      0x278 ./SDK/platform/drivers/src/interrupt/interrupt_manager.o
 .debug_abbrev  0x0000246b      0x120 ./SDK/platform/drivers/src/lin/lin_common.o
 .debug_abbrev  0x0000258b      0x209 ./SDK/platform/drivers/src/lin/lin_driver.o
 .debug_abbrev  0x00002794       0xb8 ./SDK/platform/drivers/src/lin/lin_irq.o
 .debug_abbrev  0x0000284c      0x368 ./SDK/platform/drivers/src/lptmr/lptmr_driver.o
 .debug_abbrev  0x00002bb4       0xe4 ./SDK/platform/drivers/src/lptmr/lptmr_hw_access.o
 .debug_abbrev  0x00002c98      0x364 ./SDK/platform/drivers/src/lpuart/lin_lpuart_driver.o
 .debug_abbrev  0x00002ffc      0x3ab ./SDK/platform/drivers/src/lpuart/lpuart_driver.o
 .debug_abbrev  0x000033a7      0x1ed ./SDK/platform/drivers/src/lpuart/lpuart_hw_access.o
 .debug_abbrev  0x00003594      0x2f6 ./SDK/platform/drivers/src/pins/pins_driver.o
 .debug_abbrev  0x0000388a      0x232 ./SDK/platform/drivers/src/pins/pins_port_hw_access.o
 .debug_abbrev  0x00003abc      0x2df ./SDK/rtos/osif/osif_baremetal.o
 .debug_abbrev  0x00003d9b      0x125 ./board/clock_config.o
 .debug_abbrev  0x00003ec0      0x1ac ./board/lin_cfg.o
 .debug_abbrev  0x0000406c       0x8f ./board/peripherals_LPTMR_0.o
 .debug_abbrev  0x000040fb       0xda ./board/peripherals_LPUART_2.o
 .debug_abbrev  0x000041d5       0xcd ./board/pin_mux.o
 .debug_abbrev  0x000042a2      0x1b1 ./src/Application.o
 .debug_abbrev  0x00004453      0x246 ./src/main.o

.debug_aranges  0x00000000      0xd50
 .debug_aranges
                0x00000000       0x20 ./Project_Settings/Startup_Code/startup_S32K144.o
 .debug_aranges
                0x00000020       0x60 ./SDK/middleware/lin/coreapi/lin_common_api.o
 .debug_aranges
                0x00000080       0x40 ./SDK/middleware/lin/coreapi/lin_common_proto.o
 .debug_aranges
                0x000000c0       0x20 ./SDK/middleware/lin/coreapi/lin_j2602_proto.o
 .debug_aranges
                0x000000e0       0x30 ./SDK/middleware/lin/coreapi/lin_lin21_proto.o
 .debug_aranges
                0x00000110       0x88 ./SDK/middleware/lin/lowlevel/lin.o
 .debug_aranges
                0x00000198       0x60 ./SDK/middleware/lin/transport/lin_commontl_api.o
 .debug_aranges
                0x000001f8       0x48 ./SDK/middleware/lin/transport/lin_commontl_proto.o
 .debug_aranges
                0x00000240       0x30 ./SDK/platform/devices/S32K144/startup/system_S32K144.o
 .debug_aranges
                0x00000270       0x20 ./SDK/platform/devices/startup.o
 .debug_aranges
                0x00000290      0x128 ./SDK/platform/drivers/src/clock/S32K1xx/clock_S32K1xx.o
 .debug_aranges
                0x000003b8      0x140 ./SDK/platform/drivers/src/edma/edma_driver.o
 .debug_aranges
                0x000004f8       0x88 ./SDK/platform/drivers/src/edma/edma_hw_access.o
 .debug_aranges
                0x00000580       0xa0 ./SDK/platform/drivers/src/edma/edma_irq.o
 .debug_aranges
                0x00000620       0x70 ./SDK/platform/drivers/src/interrupt/interrupt_manager.o
 .debug_aranges
                0x00000690       0x28 ./SDK/platform/drivers/src/lin/lin_common.o
 .debug_aranges
                0x000006b8       0xc8 ./SDK/platform/drivers/src/lin/lin_driver.o
 .debug_aranges
                0x00000780       0x30 ./SDK/platform/drivers/src/lin/lin_irq.o
 .debug_aranges
                0x000007b0       0xa8 ./SDK/platform/drivers/src/lptmr/lptmr_driver.o
 .debug_aranges
                0x00000858       0x20 ./SDK/platform/drivers/src/lptmr/lptmr_hw_access.o
 .debug_aranges
                0x00000878       0xd8 ./SDK/platform/drivers/src/lpuart/lin_lpuart_driver.o
 .debug_aranges
                0x00000950      0x118 ./SDK/platform/drivers/src/lpuart/lpuart_driver.o
 .debug_aranges
                0x00000a68       0x78 ./SDK/platform/drivers/src/lpuart/lpuart_hw_access.o
 .debug_aranges
                0x00000ae0       0xe0 ./SDK/platform/drivers/src/pins/pins_driver.o
 .debug_aranges
                0x00000bc0       0x40 ./SDK/platform/drivers/src/pins/pins_port_hw_access.o
 .debug_aranges
                0x00000c00       0x70 ./SDK/rtos/osif/osif_baremetal.o
 .debug_aranges
                0x00000c70       0x18 ./board/clock_config.o
 .debug_aranges
                0x00000c88       0x20 ./board/lin_cfg.o
 .debug_aranges
                0x00000ca8       0x18 ./board/peripherals_LPTMR_0.o
 .debug_aranges
                0x00000cc0       0x18 ./board/peripherals_LPUART_2.o
 .debug_aranges
                0x00000cd8       0x18 ./board/pin_mux.o
 .debug_aranges
                0x00000cf0       0x20 ./src/Application.o
 .debug_aranges
                0x00000d10       0x40 ./src/main.o

.debug_str      0x00000000    0x79ca8
 .debug_str     0x00000000       0xbd ./Project_Settings/Startup_Code/startup_S32K144.o
 .debug_str     0x000000bd    0x6e9d6 ./SDK/middleware/lin/coreapi/lin_common_api.o
                              0x6ec34 (size before relaxing)
 .debug_str     0x0006ea93      0x2aa ./SDK/middleware/lin/coreapi/lin_common_proto.o
                              0x6ec00 (size before relaxing)
 .debug_str     0x0006ed3d       0x89 ./SDK/middleware/lin/coreapi/lin_j2602_proto.o
                              0x6e78c (size before relaxing)
 .debug_str     0x0006edc6       0x7b ./SDK/middleware/lin/coreapi/lin_lin21_proto.o
                              0x6e973 (size before relaxing)
 .debug_str     0x0006ee41      0xb84 ./SDK/middleware/lin/lowlevel/lin.o
                              0x6f513 (size before relaxing)
 .debug_str     0x0006f9c5      0x35d ./SDK/middleware/lin/transport/lin_commontl_api.o
                              0x6eb2e (size before relaxing)
 .debug_str     0x0006fd22      0x229 ./SDK/middleware/lin/transport/lin_commontl_proto.o
                              0x6ed6d (size before relaxing)
 .debug_str     0x0006ff4b      0x2c9 ./SDK/platform/devices/S32K144/startup/system_S32K144.o
                              0x689a6 (size before relaxing)
 .debug_str     0x00070214      0x399 ./SDK/platform/devices/startup.o
                              0x68b18 (size before relaxing)
 .debug_str     0x000705ad     0x35dd ./SDK/platform/drivers/src/clock/S32K1xx/clock_S32K1xx.o
                              0x6cc2c (size before relaxing)
 .debug_str     0x00073b8a     0x1f13 ./SDK/platform/drivers/src/edma/edma_driver.o
                              0x6b8f5 (size before relaxing)
 .debug_str     0x00075a9d       0x46 ./SDK/platform/drivers/src/edma/edma_hw_access.o
                              0x69086 (size before relaxing)
 .debug_str     0x00075ae3      0x162 ./SDK/platform/drivers/src/edma/edma_irq.o
                              0x68d91 (size before relaxing)
 .debug_str     0x00075c45      0x1ba ./SDK/platform/drivers/src/interrupt/interrupt_manager.o
                              0x692a1 (size before relaxing)
 .debug_str     0x00075dff       0x8c ./SDK/platform/drivers/src/lin/lin_common.o
                              0x68b33 (size before relaxing)
 .debug_str     0x00075e8b      0xb67 ./SDK/platform/drivers/src/lin/lin_driver.o
                              0x6ac43 (size before relaxing)
 .debug_str     0x000769f2       0xb0 ./SDK/platform/drivers/src/lin/lin_irq.o
                              0x68b07 (size before relaxing)
 .debug_str     0x00076aa2      0xb53 ./SDK/platform/drivers/src/lptmr/lptmr_driver.o
                              0x6a400 (size before relaxing)
 .debug_str     0x000775f5       0x66 ./SDK/platform/drivers/src/lptmr/lptmr_hw_access.o
                              0x68a75 (size before relaxing)
 .debug_str     0x0007765b      0x8bb ./SDK/platform/drivers/src/lpuart/lin_lpuart_driver.o
                              0x6b720 (size before relaxing)
 .debug_str     0x00077f16      0x7bd ./SDK/platform/drivers/src/lpuart/lpuart_driver.o
                              0x6b074 (size before relaxing)
 .debug_str     0x000786d3       0xef ./SDK/platform/drivers/src/lpuart/lpuart_hw_access.o
                              0x69a26 (size before relaxing)
 .debug_str     0x000787c2      0x9d2 ./SDK/platform/drivers/src/pins/pins_driver.o
                              0x69c74 (size before relaxing)
 .debug_str     0x00079194      0x1cf ./SDK/platform/drivers/src/pins/pins_port_hw_access.o
                              0x6915c (size before relaxing)
 .debug_str     0x00079363      0x1e9 ./SDK/rtos/osif/osif_baremetal.o
                              0x69ae3 (size before relaxing)
 .debug_str     0x0007954c       0xda ./board/clock_config.o
                              0x6aa51 (size before relaxing)
 .debug_str     0x00079626      0x14a ./board/lin_cfg.o
                              0x6e869 (size before relaxing)
 .debug_str     0x00079770       0x4b ./board/peripherals_LPTMR_0.o
                              0x68bf3 (size before relaxing)
 .debug_str     0x000797bb       0x20 ./board/peripherals_LPUART_2.o
                              0x68efe (size before relaxing)
 .debug_str     0x000797db       0x53 ./board/pin_mux.o
                              0x68e1e (size before relaxing)
 .debug_str     0x0007982e      0x3c3 ./src/Application.o
                              0x712ea (size before relaxing)
 .debug_str     0x00079bf1       0xb7 ./src/main.o
                              0x71b0e (size before relaxing)

.debug_loc      0x00000000    0x1478d
 .debug_loc     0x00000000      0x534 ./SDK/middleware/lin/coreapi/lin_common_api.o
 .debug_loc     0x00000534      0xa85 ./SDK/middleware/lin/coreapi/lin_common_proto.o
 .debug_loc     0x00000fb9       0x64 ./SDK/middleware/lin/coreapi/lin_j2602_proto.o
 .debug_loc     0x0000101d      0x1c4 ./SDK/middleware/lin/coreapi/lin_lin21_proto.o
 .debug_loc     0x000011e1      0xa20 ./SDK/middleware/lin/lowlevel/lin.o
 .debug_loc     0x00001c01      0x617 ./SDK/middleware/lin/transport/lin_commontl_api.o
 .debug_loc     0x00002218     0x13cf ./SDK/middleware/lin/transport/lin_commontl_proto.o
 .debug_loc     0x000035e7       0xeb ./SDK/platform/devices/S32K144/startup/system_S32K144.o
 .debug_loc     0x000036d2       0xec ./SDK/platform/devices/startup.o
 .debug_loc     0x000037be     0x4dac ./SDK/platform/drivers/src/clock/S32K1xx/clock_S32K1xx.o
 .debug_loc     0x0000856a     0x336f ./SDK/platform/drivers/src/edma/edma_driver.o
 .debug_loc     0x0000b8d9      0x7b9 ./SDK/platform/drivers/src/edma/edma_hw_access.o
 .debug_loc     0x0000c092       0x50 ./SDK/platform/drivers/src/edma/edma_irq.o
 .debug_loc     0x0000c0e2      0x678 ./SDK/platform/drivers/src/interrupt/interrupt_manager.o
 .debug_loc     0x0000c75a      0x21e ./SDK/platform/drivers/src/lin/lin_common.o
 .debug_loc     0x0000c978      0x737 ./SDK/platform/drivers/src/lin/lin_driver.o
 .debug_loc     0x0000d0af     0x18fd ./SDK/platform/drivers/src/lptmr/lptmr_driver.o
 .debug_loc     0x0000e9ac       0x36 ./SDK/platform/drivers/src/lptmr/lptmr_hw_access.o
 .debug_loc     0x0000e9e2     0x1dbb ./SDK/platform/drivers/src/lpuart/lin_lpuart_driver.o
 .debug_loc     0x0001079d     0x264e ./SDK/platform/drivers/src/lpuart/lpuart_driver.o
 .debug_loc     0x00012deb      0x75e ./SDK/platform/drivers/src/lpuart/lpuart_hw_access.o
 .debug_loc     0x00013549      0x7c7 ./SDK/platform/drivers/src/pins/pins_driver.o
 .debug_loc     0x00013d10      0x639 ./SDK/platform/drivers/src/pins/pins_port_hw_access.o
 .debug_loc     0x00014349      0x353 ./SDK/rtos/osif/osif_baremetal.o
 .debug_loc     0x0001469c       0xa3 ./board/lin_cfg.o
 .debug_loc     0x0001473f       0x4e ./src/main.o

.debug_ranges   0x00000000     0x1190
 .debug_ranges  0x00000000       0x68 ./SDK/middleware/lin/coreapi/lin_common_api.o
 .debug_ranges  0x00000068       0x78 ./SDK/middleware/lin/coreapi/lin_common_proto.o
 .debug_ranges  0x000000e0       0x10 ./SDK/middleware/lin/coreapi/lin_j2602_proto.o
 .debug_ranges  0x000000f0       0x20 ./SDK/middleware/lin/coreapi/lin_lin21_proto.o
 .debug_ranges  0x00000110       0xa8 ./SDK/middleware/lin/lowlevel/lin.o
 .debug_ranges  0x000001b8       0x50 ./SDK/middleware/lin/transport/lin_commontl_api.o
 .debug_ranges  0x00000208       0xf0 ./SDK/middleware/lin/transport/lin_commontl_proto.o
 .debug_ranges  0x000002f8       0x20 ./SDK/platform/devices/S32K144/startup/system_S32K144.o
 .debug_ranges  0x00000318       0x10 ./SDK/platform/devices/startup.o
 .debug_ranges  0x00000328      0x3c8 ./SDK/platform/drivers/src/clock/S32K1xx/clock_S32K1xx.o
 .debug_ranges  0x000006f0      0x190 ./SDK/platform/drivers/src/edma/edma_driver.o
 .debug_ranges  0x00000880       0x90 ./SDK/platform/drivers/src/edma/edma_hw_access.o
 .debug_ranges  0x00000910       0x90 ./SDK/platform/drivers/src/edma/edma_irq.o
 .debug_ranges  0x000009a0       0x98 ./SDK/platform/drivers/src/interrupt/interrupt_manager.o
 .debug_ranges  0x00000a38       0x18 ./SDK/platform/drivers/src/lin/lin_common.o
 .debug_ranges  0x00000a50       0xb8 ./SDK/platform/drivers/src/lin/lin_driver.o
 .debug_ranges  0x00000b08       0x20 ./SDK/platform/drivers/src/lin/lin_irq.o
 .debug_ranges  0x00000b28      0x150 ./SDK/platform/drivers/src/lptmr/lptmr_driver.o
 .debug_ranges  0x00000c78       0x10 ./SDK/platform/drivers/src/lptmr/lptmr_hw_access.o
 .debug_ranges  0x00000c88      0x120 ./SDK/platform/drivers/src/lpuart/lin_lpuart_driver.o
 .debug_ranges  0x00000da8      0x180 ./SDK/platform/drivers/src/lpuart/lpuart_driver.o
 .debug_ranges  0x00000f28       0x68 ./SDK/platform/drivers/src/lpuart/lpuart_hw_access.o
 .debug_ranges  0x00000f90       0xd0 ./SDK/platform/drivers/src/pins/pins_driver.o
 .debug_ranges  0x00001060       0x48 ./SDK/platform/drivers/src/pins/pins_port_hw_access.o
 .debug_ranges  0x000010a8       0x98 ./SDK/rtos/osif/osif_baremetal.o
 .debug_ranges  0x00001140       0x10 ./board/lin_cfg.o
 .debug_ranges  0x00001150       0x10 ./src/Application.o
 .debug_ranges  0x00001160       0x30 ./src/main.o

.debug_macro    0x00000000    0x2263b
 .debug_macro   0x00000000      0x14b ./SDK/middleware/lin/coreapi/lin_common_api.o
 .debug_macro   0x0000014b      0x8d4 ./SDK/middleware/lin/coreapi/lin_common_api.o
 .debug_macro   0x00000a1f       0x22 ./SDK/middleware/lin/coreapi/lin_common_api.o
 .debug_macro   0x00000a41       0x22 ./SDK/middleware/lin/coreapi/lin_common_api.o
 .debug_macro   0x00000a63       0x56 ./SDK/middleware/lin/coreapi/lin_common_api.o
 .debug_macro   0x00000ab9       0x51 ./SDK/middleware/lin/coreapi/lin_common_api.o
 .debug_macro   0x00000b0a       0xef ./SDK/middleware/lin/coreapi/lin_common_api.o
 .debug_macro   0x00000bf9       0x6a ./SDK/middleware/lin/coreapi/lin_common_api.o
 .debug_macro   0x00000c63      0x1df ./SDK/middleware/lin/coreapi/lin_common_api.o
 .debug_macro   0x00000e42      0x16d ./SDK/middleware/lin/coreapi/lin_common_api.o
 .debug_macro   0x00000faf       0x10 ./SDK/middleware/lin/coreapi/lin_common_api.o
 .debug_macro   0x00000fbf       0x79 ./SDK/middleware/lin/coreapi/lin_common_api.o
 .debug_macro   0x00001038     0xed32 ./SDK/middleware/lin/coreapi/lin_common_api.o
 .debug_macro   0x0000fd6a      0xbbd ./SDK/middleware/lin/coreapi/lin_common_api.o
 .debug_macro   0x00010927       0x10 ./SDK/middleware/lin/coreapi/lin_common_api.o
 .debug_macro   0x00010937       0x10 ./SDK/middleware/lin/coreapi/lin_common_api.o
 .debug_macro   0x00010947       0x1c ./SDK/middleware/lin/coreapi/lin_common_api.o
 .debug_macro   0x00010963      0x538 ./SDK/middleware/lin/coreapi/lin_common_api.o
 .debug_macro   0x00010e9b       0xa4 ./SDK/middleware/lin/coreapi/lin_common_api.o
 .debug_macro   0x00010f3f       0x2e ./SDK/middleware/lin/coreapi/lin_common_api.o
 .debug_macro   0x00010f6d       0x10 ./SDK/middleware/lin/coreapi/lin_common_api.o
 .debug_macro   0x00010f7d      0x14b ./SDK/middleware/lin/coreapi/lin_common_proto.o
 .debug_macro   0x000110c8      0x11b ./SDK/middleware/lin/coreapi/lin_j2602_proto.o
 .debug_macro   0x000111e3      0x12e ./SDK/middleware/lin/coreapi/lin_lin21_proto.o
 .debug_macro   0x00011311      0x111 ./SDK/middleware/lin/lowlevel/lin.o
 .debug_macro   0x00011422      0x13c ./SDK/middleware/lin/transport/lin_commontl_api.o
 .debug_macro   0x0001155e       0x16 ./SDK/middleware/lin/transport/lin_commontl_api.o
 .debug_macro   0x00011574      0x146 ./SDK/middleware/lin/transport/lin_commontl_proto.o
 .debug_macro   0x000116ba       0xb6 ./SDK/platform/devices/S32K144/startup/system_S32K144.o
 .debug_macro   0x00011770       0x19 ./SDK/platform/devices/S32K144/startup/system_S32K144.o
 .debug_macro   0x00011789     0xed1d ./SDK/platform/devices/S32K144/startup/system_S32K144.o
 .debug_macro   0x000204a6       0x28 ./SDK/platform/devices/S32K144/startup/system_S32K144.o
 .debug_macro   0x000204ce       0xb6 ./SDK/platform/devices/startup.o
 .debug_macro   0x00020584       0x40 ./SDK/platform/devices/startup.o
 .debug_macro   0x000205c4      0x2b0 ./SDK/platform/drivers/src/clock/S32K1xx/clock_S32K1xx.o
 .debug_macro   0x00020874       0x16 ./SDK/platform/drivers/src/clock/S32K1xx/clock_S32K1xx.o
 .debug_macro   0x0002088a       0x8a ./SDK/platform/drivers/src/clock/S32K1xx/clock_S32K1xx.o
 .debug_macro   0x00020914       0xf7 ./SDK/platform/drivers/src/edma/edma_driver.o
 .debug_macro   0x00020a0b       0x16 ./SDK/platform/drivers/src/edma/edma_driver.o
 .debug_macro   0x00020a21       0xcc ./SDK/platform/drivers/src/edma/edma_hw_access.o
 .debug_macro   0x00020aed       0xd0 ./SDK/platform/drivers/src/edma/edma_irq.o
 .debug_macro   0x00020bbd       0xca ./SDK/platform/drivers/src/interrupt/interrupt_manager.o
 .debug_macro   0x00020c87       0xdb ./SDK/platform/drivers/src/lin/lin_common.o
 .debug_macro   0x00020d62      0x141 ./SDK/platform/drivers/src/lin/lin_driver.o
 .debug_macro   0x00020ea3       0x34 ./SDK/platform/drivers/src/lin/lin_driver.o
 .debug_macro   0x00020ed7       0x8e ./SDK/platform/drivers/src/lin/lin_driver.o
 .debug_macro   0x00020f65       0xdb ./SDK/platform/drivers/src/lin/lin_irq.o
 .debug_macro   0x00021040       0xf0 ./SDK/platform/drivers/src/lptmr/lptmr_driver.o
 .debug_macro   0x00021130       0xc7 ./SDK/platform/drivers/src/lptmr/lptmr_hw_access.o
 .debug_macro   0x000211f7      0x148 ./SDK/platform/drivers/src/lpuart/lin_lpuart_driver.o
 .debug_macro   0x0002133f      0x131 ./SDK/platform/drivers/src/lpuart/lpuart_driver.o
 .debug_macro   0x00021470      0x109 ./SDK/platform/drivers/src/lpuart/lpuart_hw_access.o
 .debug_macro   0x00021579       0xde ./SDK/platform/drivers/src/pins/pins_driver.o
 .debug_macro   0x00021657       0xde ./SDK/platform/drivers/src/pins/pins_port_hw_access.o
 .debug_macro   0x00021735       0xfb ./SDK/rtos/osif/osif_baremetal.o
 .debug_macro   0x00021830       0xd9 ./board/clock_config.o
 .debug_macro   0x00021909       0x16 ./board/clock_config.o
 .debug_macro   0x0002191f      0x111 ./board/lin_cfg.o
 .debug_macro   0x00021a30       0xc4 ./board/peripherals_LPTMR_0.o
 .debug_macro   0x00021af4       0xef ./board/peripherals_LPUART_2.o
 .debug_macro   0x00021be3       0xda ./board/pin_mux.o
 .debug_macro   0x00021cbd      0x1cc ./src/Application.o
 .debug_macro   0x00021e89      0x53e ./src/Application.o
 .debug_macro   0x000223c7       0xb2 ./src/Application.o
 .debug_macro   0x00022479      0x1c2 ./src/main.o

.comment        0x00000000       0x7e
 .comment       0x00000000       0x7e ./SDK/middleware/lin/coreapi/lin_common_api.o
                                 0x7f (size before relaxing)
 .comment       0x0000007e       0x7f ./SDK/middleware/lin/coreapi/lin_common_proto.o
 .comment       0x0000007e       0x7f ./SDK/middleware/lin/coreapi/lin_j2602_proto.o
 .comment       0x0000007e       0x7f ./SDK/middleware/lin/coreapi/lin_lin21_proto.o
 .comment       0x0000007e       0x7f ./SDK/middleware/lin/lowlevel/lin.o
 .comment       0x0000007e       0x7f ./SDK/middleware/lin/transport/lin_commontl_api.o
 .comment       0x0000007e       0x7f ./SDK/middleware/lin/transport/lin_commontl_proto.o
 .comment       0x0000007e       0x7f ./SDK/platform/devices/S32K144/startup/system_S32K144.o
 .comment       0x0000007e       0x7f ./SDK/platform/devices/startup.o
 .comment       0x0000007e       0x7f ./SDK/platform/drivers/src/clock/S32K1xx/clock_S32K1xx.o
 .comment       0x0000007e       0x7f ./SDK/platform/drivers/src/edma/edma_driver.o
 .comment       0x0000007e       0x7f ./SDK/platform/drivers/src/edma/edma_hw_access.o
 .comment       0x0000007e       0x7f ./SDK/platform/drivers/src/edma/edma_irq.o
 .comment       0x0000007e       0x7f ./SDK/platform/drivers/src/interrupt/interrupt_manager.o
 .comment       0x0000007e       0x7f ./SDK/platform/drivers/src/lin/lin_common.o
 .comment       0x0000007e       0x7f ./SDK/platform/drivers/src/lin/lin_driver.o
 .comment       0x0000007e       0x7f ./SDK/platform/drivers/src/lin/lin_irq.o
 .comment       0x0000007e       0x7f ./SDK/platform/drivers/src/lptmr/lptmr_driver.o
 .comment       0x0000007e       0x7f ./SDK/platform/drivers/src/lptmr/lptmr_hw_access.o
 .comment       0x0000007e       0x7f ./SDK/platform/drivers/src/lpuart/lin_lpuart_driver.o
 .comment       0x0000007e       0x7f ./SDK/platform/drivers/src/lpuart/lpuart_driver.o
 .comment       0x0000007e       0x7f ./SDK/platform/drivers/src/lpuart/lpuart_hw_access.o
 .comment       0x0000007e       0x7f ./SDK/platform/drivers/src/pins/pins_driver.o
 .comment       0x0000007e       0x7f ./SDK/platform/drivers/src/pins/pins_port_hw_access.o
 .comment       0x0000007e       0x7f ./SDK/rtos/osif/osif_baremetal.o
 .comment       0x0000007e       0x7f ./board/clock_config.o
 .comment       0x0000007e       0x7f ./board/lin_cfg.o
 .comment       0x0000007e       0x7f ./board/peripherals_LPTMR_0.o
 .comment       0x0000007e       0x7f ./board/peripherals_LPUART_2.o
 .comment       0x0000007e       0x7f ./board/pin_mux.o
 .comment       0x0000007e       0x7f ./src/Application.o
 .comment       0x0000007e       0x7f ./src/main.o

.debug_frame    0x00000000     0x21b8
 .debug_frame   0x00000000      0x104 ./SDK/middleware/lin/coreapi/lin_common_api.o
 .debug_frame   0x00000104       0xb0 ./SDK/middleware/lin/coreapi/lin_common_proto.o
 .debug_frame   0x000001b4       0x30 ./SDK/middleware/lin/coreapi/lin_j2602_proto.o
 .debug_frame   0x000001e4       0x74 ./SDK/middleware/lin/coreapi/lin_lin21_proto.o
 .debug_frame   0x00000258      0x190 ./SDK/middleware/lin/lowlevel/lin.o
 .debug_frame   0x000003e8       0xf0 ./SDK/middleware/lin/transport/lin_commontl_api.o
 .debug_frame   0x000004d8       0xe8 ./SDK/middleware/lin/transport/lin_commontl_proto.o
 .debug_frame   0x000005c0       0x40 ./SDK/platform/devices/S32K144/startup/system_S32K144.o
 .debug_frame   0x00000600       0x2c ./SDK/platform/devices/startup.o
 .debug_frame   0x0000062c      0x3a4 ./SDK/platform/drivers/src/clock/S32K1xx/clock_S32K1xx.o
 .debug_frame   0x000009d0      0x3a0 ./SDK/platform/drivers/src/edma/edma_driver.o
 .debug_frame   0x00000d70      0x140 ./SDK/platform/drivers/src/edma/edma_hw_access.o
 .debug_frame   0x00000eb0      0x1ac ./SDK/platform/drivers/src/edma/edma_irq.o
 .debug_frame   0x0000105c       0xd8 ./SDK/platform/drivers/src/interrupt/interrupt_manager.o
 .debug_frame   0x00001134       0x3c ./SDK/platform/drivers/src/lin/lin_common.o
 .debug_frame   0x00001170      0x220 ./SDK/platform/drivers/src/lin/lin_driver.o
 .debug_frame   0x00001390       0x58 ./SDK/platform/drivers/src/lin/lin_irq.o
 .debug_frame   0x000013e8      0x1b8 ./SDK/platform/drivers/src/lptmr/lptmr_driver.o
 .debug_frame   0x000015a0       0x20 ./SDK/platform/drivers/src/lptmr/lptmr_hw_access.o
 .debug_frame   0x000015c0      0x2a0 ./SDK/platform/drivers/src/lpuart/lin_lpuart_driver.o
 .debug_frame   0x00001860      0x3ac ./SDK/platform/drivers/src/lpuart/lpuart_driver.o
 .debug_frame   0x00001c0c      0x100 ./SDK/platform/drivers/src/lpuart/lpuart_hw_access.o
 .debug_frame   0x00001d0c      0x1e4 ./SDK/platform/drivers/src/pins/pins_driver.o
 .debug_frame   0x00001ef0       0xa0 ./SDK/platform/drivers/src/pins/pins_port_hw_access.o
 .debug_frame   0x00001f90       0xf4 ./SDK/rtos/osif/osif_baremetal.o
 .debug_frame   0x00002084       0x20 ./board/lin_cfg.o
 .debug_frame   0x000020a4       0x28 ./src/Application.o
 .debug_frame   0x000020cc       0x8c ./src/main.o
 .debug_frame   0x00002158       0x2c c:/nxp/s32ds.3.5/s32ds/build_tools/gcc_b1620/gcc-6.3-arm32-eabi/bin/../lib/gcc/arm-none-eabi/6.3.1/thumb/v7e-m/fpv4-sp/hard\libgcc.a(_aeabi_uldivmod.o)
 .debug_frame   0x00002184       0x34 c:/nxp/s32ds.3.5/s32ds/build_tools/gcc_b1620/gcc-6.3-arm32-eabi/bin/../lib/gcc/arm-none-eabi/6.3.1/thumb/v7e-m/fpv4-sp/hard\libgcc.a(_udivmoddi4.o)
